Archive member included to satisfy reference by file (symbol)

d:/Work/NDS/projects/NFlib/nflib/examples/3dsprites/animation/nflib/lib\libnflib.a(nf_2d.o)
                              main.o (NF_Set2D)
d:/Work/NDS/projects/NFlib/nflib/examples/3dsprites/animation/nflib/lib\libnflib.a(nf_3d.o)
                              main.o (NF_Set3D)
d:/Work/NDS/projects/NFlib/nflib/examples/3dsprites/animation/nflib/lib\libnflib.a(nf_basic.o)
                              d:/Work/NDS/projects/NFlib/nflib/examples/3dsprites/animation/nflib/lib\libnflib.a(nf_2d.o) (NF_Error)
d:/Work/NDS/projects/NFlib/nflib/examples/3dsprites/animation/nflib/lib\libnflib.a(nf_sprite256.o)
                              main.o (NF_InitSpriteBuffers)
d:/Work/NDS/projects/NFlib/nflib/examples/3dsprites/animation/nflib/lib\libnflib.a(nf_sprite3d.o)
                              main.o (NF_Init3dSpriteSys)
d:/Work/NDS/projects/NFlib/nflib/examples/3dsprites/animation/nflib/lib\libnflib.a(nf_tiledbg.o)
                              main.o (NF_InitTiledBgBuffers)
c:/code/devkitPro/libnds/lib\libfilesystem.a(nitrofs.o)
                              d:/Work/NDS/projects/NFlib/nflib/examples/3dsprites/animation/nflib/lib\libnflib.a(nf_basic.o) (nitroFSInit)
c:/code/devkitPro/libnds/lib\libfat.a(libfat.o)
                              d:/Work/NDS/projects/NFlib/nflib/examples/3dsprites/animation/nflib/lib\libnflib.a(nf_basic.o) (fatInitDefault)
c:/code/devkitPro/libnds/lib\libfat.a(partition.o)
                              c:/code/devkitPro/libnds/lib\libfat.a(libfat.o) (_FAT_partition_constructor)
c:/code/devkitPro/libnds/lib\libfat.a(lock.o)
                              c:/code/devkitPro/libnds/lib\libfat.a(partition.o) (_FAT_lock_init)
c:/code/devkitPro/libnds/lib\libfat.a(fatdir.o)
                              c:/code/devkitPro/libnds/lib\libfat.a(libfat.o) (_FAT_stat_r)
c:/code/devkitPro/libnds/lib\libfat.a(cache.o)
                              c:/code/devkitPro/libnds/lib\libfat.a(partition.o) (_FAT_cache_constructor)
c:/code/devkitPro/libnds/lib\libfat.a(fatfile.o)
                              c:/code/devkitPro/libnds/lib\libfat.a(libfat.o) (_FAT_open_r)
c:/code/devkitPro/libnds/lib\libfat.a(disc.o)
                              c:/code/devkitPro/libnds/lib\libfat.a(libfat.o) (_FAT_disc_interfaces)
c:/code/devkitPro/libnds/lib\libfat.a(file_allocation_table.o)
                              c:/code/devkitPro/libnds/lib\libfat.a(fatfile.o) (_FAT_fat_nextCluster)
c:/code/devkitPro/libnds/lib\libfat.a(filetime.o)
                              c:/code/devkitPro/libnds/lib\libfat.a(fatdir.o) (_FAT_filetime_getTimeFromRTC)
c:/code/devkitPro/libnds/lib\libfat.a(directory.o)
                              c:/code/devkitPro/libnds/lib\libfat.a(fatdir.o) (_FAT_directory_entryGetCluster)
c:/code/devkitPro/libnds/lib\libnds9.a(console.o)
                              main.o (consoleDemoInit)
c:/code/devkitPro/libnds/lib\libnds9.a(video.o)
                              d:/Work/NDS/projects/NFlib/nflib/examples/3dsprites/animation/nflib/lib\libnflib.a(nf_basic.o) (setBrightness)
c:/code/devkitPro/libnds/lib\libnds9.a(background.o)
                              c:/code/devkitPro/libnds/lib\libnds9.a(console.o) (bgState)
c:/code/devkitPro/libnds/lib\libnds9.a(trig.o)
                              d:/Work/NDS/projects/NFlib/nflib/examples/3dsprites/animation/nflib/lib\libnflib.a(nf_sprite3d.o) (sinLerp)
c:/code/devkitPro/libnds/lib\libnds9.a(videoGL.o)
                              d:/Work/NDS/projects/NFlib/nflib/examples/3dsprites/animation/nflib/lib\libnflib.a(nf_3d.o) (glGlobalData)
c:/code/devkitPro/libnds/lib\libnds9.a(sprite.o)
                              d:/Work/NDS/projects/NFlib/nflib/examples/3dsprites/animation/nflib/lib\libnflib.a(nf_sprite256.o) (oamInit)
c:/code/devkitPro/libnds/lib\libnds9.a(sd.twl.o)
                              c:/code/devkitPro/libnds/lib\libfat.a(disc.o) (__io_dsisd)
c:/code/devkitPro/libnds/lib\libnds9.a(dldi.o)
                              c:/code/devkitPro/libnds/lib\libfat.a(disc.o) (dldiGetInternal)
c:/code/devkitPro/libnds/lib\libnds9.a(initSystem.o)
                              c:/code/devkitpro/devkitarm/bin/../lib/gcc/arm-none-eabi/6.3.0/../../../../arm-none-eabi/lib/thumb/ds_arm9_crt0.o (initSystem)
c:/code/devkitPro/libnds/lib\libnds9.a(timeSupport.o)
                              c:/code/devkitPro/libnds/lib\libnds9.a(initSystem.o) (__libnds_gtod)
c:/code/devkitPro/libnds/lib\libnds9.a(securearea.o)
                              c:/code/devkitpro/devkitarm/bin/../lib/gcc/arm-none-eabi/6.3.0/../../../../arm-none-eabi/lib/thumb/ds_arm9_crt0.o (__secure_area__)
c:/code/devkitPro/libnds/lib\libnds9.a(interrupts.o)
                              c:/code/devkitPro/libnds/lib\libnds9.a(initSystem.o) (irqInit)
c:/code/devkitPro/libnds/lib\libnds9.a(libnds_exit.arm.o)
[...]
Memory Configuration

Name             Origin             Length             Attributes
ewram            0x02000000         0x00380000
dtcm             0x0b000000         0x00004000
vectors          0x01000000         0x00000100
itcm             0x01000100         0x00007f00
*default*        0x00000000         0xffffffff

Linker script and memory map

                0x02380000                __ewram_end = (ORIGIN (ewram) + LENGTH (ewram))
                0x02380000                __eheap_end = (ORIGIN (ewram) + LENGTH (ewram))
                0x0b004000                __dtcm_top = (ORIGIN (dtcm) + LENGTH (dtcm))
                0x0b003ff8                __irq_flags = (__dtcm_top - 0x8)
                0x0b003ffc                __irq_vector = (__dtcm_top - 0x4)
                0x0b003f00                __sp_svc = (__dtcm_top - 0x100)
                0x0b003e00                __sp_irq = (__sp_svc - 0x100)
                0x0b003d00                __sp_usr = (__sp_irq - 0x100)

.secure         0x02000000      0x800
 *(.secure)
 .secure        0x02000000      0x800 c:/code/devkitPro/libnds/lib\libnds9.a(securearea.o)
                0x02000000                __secure_area__

.crt0           0x02000800      0x300
                0x02000800                __text_start = .
 *(.crt0)
 .crt0          0x02000800      0x300 c:/code/devkitpro/devkitarm/bin/../lib/gcc/arm-none-eabi/6.3.0/../../../../arm-none-eabi/lib/thumb/ds_arm9_crt0.o
                0x02000800                _start
                0x02000b00                . = ALIGN (0x4)

.plt
 *(.plt)

.init           0x02000b00        0xc
 *(SORT(.init))
 .init          0x02000b00        0x4 c:/code/devkitpro/devkitarm/bin/../lib/gcc/arm-none-eabi/6.3.0/thumb/crti.o
                0x02000b00                _init
 .init          0x02000b04        0x8 c:/code/devkitpro/devkitarm/bin/../lib/gcc/arm-none-eabi/6.3.0/thumb/crtn.o

.text           0x02000b40    0x216a8
 *(EXCLUDE_FILE(*.twl* *.vectors* *.itcm*) .text)
 .text          0x02000b40      0x884 d:/Work/NDS/projects/NFlib/nflib/examples/3dsprites/animation/nflib/lib\libnflib.a(nf_2d.o)
                0x02000b40                NF_Set2D
                0x02000ba4                NF_ShowBg
                0x02000c1c                NF_HideBg
                0x02000cbc                NF_ScrollBg
                0x0200102c                NF_MoveSprite
                0x0200104c                NF_SpriteLayer
                0x02001068                NF_ShowSprite
                0x02001088                NF_HflipSprite
                0x020010a4                NF_GetSpriteHflip
                0x020010c0                NF_VflipSprite
                0x020010dc                NF_GetSpriteVflip
                0x020010f8                NF_SpriteFrame
                0x020011c0                NF_EnableSpriteRotScale
                0x02001258                NF_DisableSpriteRotScale
                0x020012cc                NF_SpriteRotScale
 .text          0x020013c4      0x2a0 d:/Work/NDS/projects/NFlib/nflib/examples/3dsprites/animation/nflib/lib\libnflib.a(nf_3d.o)
                0x020013c4                NF_Set3D
                0x0200141c                NF_InitOpenGL
                0x02001614                NF_GetTextureSize
 .text          0x02001664      0x490 d:/Work/NDS/projects/NFlib/nflib/examples/3dsprites/animation/nflib/lib\libnflib.a(nf_basic.o)
                0x02001664                NF_Error
                0x02001910                NF_SetRootFolder
                0x02001a68                NF_DmaMemCopy
                0x02001ae4                NF_GetLanguage
 .text          0x02001af4     0x1424 d:/Work/NDS/projects/NFlib/nflib/examples/3dsprites/animation/nflib/lib\libnflib.a(nf_sprite256.o)
                0x02001af4                NF_InitSpriteBuffers
                0x02001b40                NF_ResetSpriteBuffers
                0x02001bb0                NF_InitSpriteSys
                0x02001de4                NF_LoadSpriteGfx
                0x02001f10                NF_UnloadSpriteGfx
                0x02001f78                NF_LoadSpritePal
                0x02002074                NF_UnloadSpritePal
                0x020020c4                NF_VramSpriteGfx
                0x02002414                NF_VramSpriteGfxDefrag
                0x0200262c                NF_FreeSpriteGfx
                0x02002720                NF_VramSpritePal
                0x020027f8                NF_CreateSprite
                0x02002ba0                NF_DeleteSprite
                0x02002c40                NF_SpriteOamSet
                0x02002d04                NF_SpriteSetPalColor
                0x02002da0                NF_SpriteEditPalColor
                0x02002e18                NF_SpriteUpdatePalette
                0x02002eac                NF_SpriteGetPalColor
 .text          0x02002f18     0x1150 d:/Work/NDS/projects/NFlib/nflib/examples/3dsprites/animation/nflib/lib\libnflib.a(nf_sprite3d.o)
                0x02002f18                NF_Init3dSpriteSys
                0x02003040                NF_Vram3dSpriteGfx
                0x020032fc                NF_Vram3dSpriteGfxDefrag
                0x020034b0                NF_Free3dSpriteGfx
                0x0200355c                NF_Vram3dSpritePal
                0x020035ec                NF_Create3dSprite
                0x02003738                NF_Delete3dSprite
                0x0200382c                NF_Sort3dSprites
                0x020038a4                NF_Set3dSpritePriority
                0x02003978                NF_Swap3dSpritePriority
                0x020039a4                NF_Move3dSprite
                0x020039b4                NF_Show3dSprite
                0x020039c4                NF_Set3dSpriteFrame
                0x02003a60                NF_Draw3dSprites
                0x02003cc8                NF_Update3dSpritesGfx
                0x02003d70                NF_Rotate3dSprite
                0x02003dfc                NF_Scale3dSprite
                0x02003e38                NF_Blend3dSprite
                0x02003e6c                NF_3dSpritesLayer
                0x02003f1c                NF_3dSpriteEditPalColor
                0x02003f80                NF_3dSpriteUpdatePalette
                0x02003fd8                NF_3dSpriteGetPalColor
                0x02004038                NF_3dSpriteSetDeep
 .text          0x02004068     0x1aa8 d:/Work/NDS/projects/NFlib/nflib/examples/3dsprites/animation/nflib/lib\libnflib.a(nf_tiledbg.o)
                0x02004068                NF_InitTiledBgBuffers
                0x02004104                NF_ResetTiledBgBuffers
                0x02004160                NF_InitTiledBgSys
                0x02004290                NF_LoadTiledBg
                0x02004550                NF_LoadTilesForBg
                0x02004814                NF_UnloadTiledBg
                0x020048e4                NF_DeleteTiledBg
                0x02004aac                NF_CreateTiledBg
                0x020050c8                NF_GetTileMapAddress
                0x0200517c                NF_GetTileOfMap
                0x020051b4                NF_SetTileOfMap
                0x020051f8                NF_UpdateVramMap
                0x02005314                NF_BgSetPalColor
                0x020053c4                NF_BgEditPalColor
                0x02005460                NF_BgUpdatePalette
                0x02005524                NF_BgGetPalColor
                0x020055bc                NF_GetTilePal
                0x020055f0                NF_SetTilePal
                0x02005634                NF_LoadExBgPal
                0x02005728                NF_UnloadExBgPal
                0x02005778                NF_VramExBgPal
                0x02005830                NF_SetExBgPal
                0x020058f4                NF_SetTileHflip
                0x02005930                NF_SetTileVflip
                0x0200596c                NF_RotateTileGfx
 *fill*         0x02005b10       0x30 ff
 .text          0x02005b40     0x4000 c:/code/devkitPro/libnds/lib\libnds9.a(dldi_stub.o)
                0x02005b40                _io_dldi_stub
 .text          0x02009b40      0x11c c:/code/devkitpro/devkitarm/bin/../lib/gcc/arm-none-eabi/6.3.0/thumb\libgcc.a(_udivsi3.o)
                0x02009b40                __aeabi_uidiv
                0x02009b40                __udivsi3
                0x02009c3c                __aeabi_uidivmod
 .text          0x02009c5c      0x150 c:/code/devkitpro/devkitarm/bin/../lib/gcc/arm-none-eabi/6.3.0/thumb\libgcc.a(_divsi3.o)
                0x02009c5c                __divsi3
                0x02009c5c                __aeabi_idiv
                0x02009d8c                __aeabi_idivmod
 .text          0x02009dac        0x4 c:/code/devkitpro/devkitarm/bin/../lib/gcc/arm-none-eabi/6.3.0/thumb\libgcc.a(_dvmd_tls.o)
                0x02009dac                __aeabi_idiv0
                0x02009dac                __aeabi_ldiv0
 .text          0x02009db0       0xd4 c:/code/devkitpro/devkitarm/bin/../lib/gcc/arm-none-eabi/6.3.0/thumb\libgcc.a(_aeabi_ldivmod.o)
                0x02009db0                __aeabi_ldivmod
 .text          0x02009e84       0x28 c:/code/devkitpro/devkitarm/bin/../lib/gcc/arm-none-eabi/6.3.0/thumb\libgcc.a(_clzdi2.o)
                0x02009e84                __clzdi2
 .text          0x02009eac       0x48 c:/code/devkitpro/devkitarm/bin/../lib/gcc/arm-none-eabi/6.3.0/thumb\libgcc.a(_clzsi2.o)
                0x02009eac                __clzsi2
 .text          0x02009ef4      0x224 c:/code/devkitpro/devkitarm/bin/../lib/gcc/arm-none-eabi/6.3.0/../../../../arm-none-eabi/lib/thumb\libg.a(lib_a-strcmp.o)
                0x02009ef4                strcmp
 .text          0x0200a118      0x41c c:/code/devkitpro/devkitarm/bin/../lib/gcc/arm-none-eabi/6.3.0/thumb\libgcc.a(_arm_addsubdf3.o)
                0x0200a118                __aeabi_drsub
                0x0200a120                __aeabi_dsub
                0x0200a120                __subdf3
                0x0200a124                __aeabi_dadd
                0x0200a124                __adddf3
                0x0200a434                __floatunsidf
                0x0200a434                __aeabi_ui2d
                0x0200a458                __floatsidf
                0x0200a458                __aeabi_i2d
                0x0200a480                __aeabi_f2d
                0x0200a480                __extendsfdf2
                0x0200a4c0                __floatundidf
                0x0200a4c0                __aeabi_ul2d
                0x0200a4d4                __floatdidf
                0x0200a4d4                __aeabi_l2d
 .text          0x0200a534      0x49c c:/code/devkitpro/devkitarm/bin/../lib/gcc/arm-none-eabi/6.3.0/thumb\libgcc.a(_arm_muldivdf3.o)
                0x0200a534                __aeabi_dmul
                0x0200a534                __muldf3
                0x0200a7c4                __divdf3
                0x0200a7c4                __aeabi_ddiv
 .text          0x0200a9d0      0x144 c:/code/devkitpro/devkitarm/bin/../lib/gcc/arm-none-eabi/6.3.0/thumb\libgcc.a(_arm_cmpdf2.o)
                0x0200a9d0                __gtdf2
                0x0200a9d0                __gedf2
                0x0200a9d8                __ltdf2
                0x0200a9d8                __ledf2
                0x0200a9e0                __nedf2
                0x0200a9e0                __eqdf2
                0x0200a9e0                __cmpdf2
                0x0200aa68                __aeabi_cdrcmple
                0x0200aa84                __aeabi_cdcmpeq
                0x0200aa84                __aeabi_cdcmple
                0x0200aa9c                __aeabi_dcmpeq
                0x0200aab4                __aeabi_dcmplt
                0x0200aacc                __aeabi_dcmple
                0x0200aae4                __aeabi_dcmpge
                0x0200aafc                __aeabi_dcmpgt
 .text          0x0200ab14       0x38 c:/code/devkitpro/devkitarm/bin/../lib/gcc/arm-none-eabi/6.3.0/thumb\libgcc.a(_arm_unorddf2.o)
                0x0200ab14                __unorddf2
                0x0200ab14                __aeabi_dcmpun
 .text          0x0200ab4c       0x5c c:/code/devkitpro/devkitarm/bin/../lib/gcc/arm-none-eabi/6.3.0/thumb\libgcc.a(_arm_fixdfsi.o)
                0x0200ab4c                __aeabi_d2iz
                0x0200ab4c                __fixdfsi
 .text          0x0200aba8       0x3c c:/code/devkitpro/devkitarm/bin/../lib/gcc/arm-none-eabi/6.3.0/thumb\libgcc.a(_aeabi_uldivmod.o)
                0x0200aba8                __aeabi_uldivmod
 *(EXCLUDE_FILE(*.twl* *.vectors* *.itcm*) .stub)
 *(EXCLUDE_FILE(*.twl* *.vectors* *.itcm*) .text.*)
 .text.deregister_tm_clones
                0x0200abe4       0x30 c:/code/devkitpro/devkitarm/bin/../lib/gcc/arm-none-eabi/6.3.0/thumb/crtbegin.o
 .text.register_tm_clones
                0x0200ac14       0x34 c:/code/devkitpro/devkitarm/bin/../lib/gcc/arm-none-eabi/6.3.0/thumb/crtbegin.o
 .text.__do_global_dtors_aux
                0x0200ac48       0x30 c:/code/devkitpro/devkitarm/bin/../lib/gcc/arm-none-eabi/6.3.0/thumb/crtbegin.o
 .text.frame_dummy
                0x0200ac78       0x48 c:/code/devkitpro/devkitarm/bin/../lib/gcc/arm-none-eabi/6.3.0/thumb/crtbegin.o
 .text.startup  0x0200acc0      0x2f4 main.o
                0x0200acc0                main
 .text.nitroFSClose
                0x0200afb4        0x4 c:/code/devkitPro/libnds/lib\libfilesystem.a(nitrofs.o)
 .text.nitroFSSeek
                0x0200afb8       0x68 c:/code/devkitPro/libnds/lib\libfilesystem.a(nitrofs.o)
 .text.nitroFSFstat
                0x0200b020       0x10 c:/code/devkitPro/libnds/lib\libfilesystem.a(nitrofs.o)
 .text.nitroSubReadBlock
                0x0200b030       0x58 c:/code/devkitPro/libnds/lib\libfilesystem.a(nitrofs.o)
 .text.nitroSubReadCard
                0x0200b088       0xb4 c:/code/devkitPro/libnds/lib\libfilesystem.a(nitrofs.o)
 .text.nitroFSDirClose
                0x0200b13c        0x4 c:/code/devkitPro/libnds/lib\libfilesystem.a(nitrofs.o)
 .text.nitroDirReset
                0x0200b140       0xa4 c:/code/devkitPro/libnds/lib\libfilesystem.a(nitrofs.o)
 .text.nitroFSRead
                0x0200b1e4       0xb4 c:/code/devkitPro/libnds/lib\libfilesystem.a(nitrofs.o)
 .text.nitroFSDirNext
                0x0200b298      0x2f8 c:/code/devkitPro/libnds/lib\libfilesystem.a(nitrofs.o)
 .text.nitroFSDirOpen
                0x0200b590       0xe8 c:/code/devkitPro/libnds/lib\libfilesystem.a(nitrofs.o)
 .text.nitroFSChdir
                0x0200b678       0x30 c:/code/devkitPro/libnds/lib\libfilesystem.a(nitrofs.o)
 .text.nitroFSOpen
                0x0200b6a8       0xc4 c:/code/devkitPro/libnds/lib\libfilesystem.a(nitrofs.o)
 .text.nitroFSstat
                0x0200b76c       0x68 c:/code/devkitPro/libnds/lib\libfilesystem.a(nitrofs.o)
 .text.nitroFSInit
                0x0200b7d4      0x10c c:/code/devkitPro/libnds/lib\libfilesystem.a(nitrofs.o)
                0x0200b7d4                nitroFSInit
 .text.fatMount
                0x0200b8e0       0xc8 c:/code/devkitPro/libnds/lib\libfat.a(libfat.o)
                0x0200b8e0                fatMount
 .text.fatInit  0x0200b9a8      0x138 c:/code/devkitPro/libnds/lib\libfat.a(libfat.o)
                0x0200b9a8                fatInit
 .text.fatInitDefault
                0x0200bae0        0xc c:/code/devkitPro/libnds/lib\libfat.a(libfat.o)
                0x0200bae0                fatInitDefault
 .text._FAT_partition_createFSinfo.part.4
                0x0200baec       0xa4 c:/code/devkitPro/libnds/lib\libfat.a(partition.o)
 .text._FAT_partition_readFSinfo.part.5
                0x0200bb90       0x7c c:/code/devkitPro/libnds/lib\libfat.a(partition.o)
 .text.FindFirstValidPartition_buf
                0x0200bc0c      0x188 c:/code/devkitPro/libnds/lib\libfat.a(partition.o)
                0x0200bc0c                FindFirstValidPartition_buf
 .text._FAT_partition_constructor_buf
                0x0200bd94      0x2bc c:/code/devkitPro/libnds/lib\libfat.a(partition.o)
                0x0200bd94                _FAT_partition_constructor_buf
 .text._FAT_partition_constructor
                0x0200c050       0x40 c:/code/devkitPro/libnds/lib\libfat.a(partition.o)
                0x0200c050                _FAT_partition_constructor
 .text._FAT_partition_getPartitionFromPath
                0x0200c090       0x14 c:/code/devkitPro/libnds/lib\libfat.a(partition.o)
                0x0200c090                _FAT_partition_getPartitionFromPath
 .text._FAT_partition_createFSinfo
                0x0200c0a4       0x18 c:/code/devkitPro/libnds/lib\libfat.a(partition.o)
                0x0200c0a4                _FAT_partition_createFSinfo
 .text._FAT_lock_init
                0x0200c0bc        0x4 c:/code/devkitPro/libnds/lib\libfat.a(lock.o)
                0x0200c0bc                _FAT_lock_init
 .text._FAT_lock
                0x0200c0c0        0x4 c:/code/devkitPro/libnds/lib\libfat.a(lock.o)
                0x0200c0c0                _FAT_lock
 .text._FAT_unlock
                0x0200c0c4        0x4 c:/code/devkitPro/libnds/lib\libfat.a(lock.o)
                0x0200c0c4                _FAT_unlock
 .text._FAT_stat_r
                0x0200c0c8       0x90 c:/code/devkitPro/libnds/lib\libfat.a(fatdir.o)
                0x0200c0c8                _FAT_stat_r
 .text._FAT_link_r
                0x0200c158        0xc c:/code/devkitPro/libnds/lib\libfat.a(fatdir.o)
                0x0200c158                _FAT_link_r
 .text._FAT_unlink_r
                0x0200c164      0x180 c:/code/devkitPro/libnds/lib\libfat.a(fatdir.o)
                0x0200c164                _FAT_unlink_r
 .text._FAT_chdir_r
                0x0200c2e4       0x70 c:/code/devkitPro/libnds/lib\libfat.a(fatdir.o)
                0x0200c2e4                _FAT_chdir_r
 .text._FAT_rename_r
                0x0200c354      0x1c4 c:/code/devkitPro/libnds/lib\libfat.a(fatdir.o)
                0x0200c354                _FAT_rename_r
 .text._FAT_mkdir_r
                0x0200c518      0x25c c:/code/devkitPro/libnds/lib\libfat.a(fatdir.o)
                0x0200c518                _FAT_mkdir_r
 .text._FAT_statvfs_r
                0x0200c774       0x90 c:/code/devkitPro/libnds/lib\libfat.a(fatdir.o)
                0x0200c774                _FAT_statvfs_r
 .text._FAT_diropen_r
                0x0200c804       0xb4 c:/code/devkitPro/libnds/lib\libfat.a(fatdir.o)
                0x0200c804                _FAT_diropen_r
 .text._FAT_dirreset_r
                0x0200c8b8       0x4c c:/code/devkitPro/libnds/lib\libfat.a(fatdir.o)
                0x0200c8b8                _FAT_dirreset_r
 .text._FAT_dirnext_r
                0x0200c904       0x7c c:/code/devkitPro/libnds/lib\libfat.a(fatdir.o)
                0x0200c904                _FAT_dirnext_r
 .text._FAT_dirclose_r
                0x0200c980       0x20 c:/code/devkitPro/libnds/lib\libfat.a(fatdir.o)
                0x0200c980                _FAT_dirclose_r
 .text._FAT_cache_getPage
                0x0200c9a0       0xf0 c:/code/devkitPro/libnds/lib\libfat.a(cache.o)
 .text._FAT_cache_writePartialSector.part.3
                0x0200ca90       0x44 c:/code/devkitPro/libnds/lib\libfat.a(cache.o)
 .text._FAT_cache_constructor
                0x0200cad4       0x9c c:/code/devkitPro/libnds/lib\libfat.a(cache.o)
                0x0200cad4                _FAT_cache_constructor
 .text._FAT_cache_readSectors
                0x0200cb70       0x60 c:/code/devkitPro/libnds/lib\libfat.a(cache.o)
                0x0200cb70                _FAT_cache_readSectors
 .text._FAT_cache_readPartialSector
                0x0200cbd0       0x40 c:/code/devkitPro/libnds/lib\libfat.a(cache.o)
                0x0200cbd0                _FAT_cache_readPartialSector
 .text._FAT_cache_readLittleEndianValue
                0x0200cc10       0x70 c:/code/devkitPro/libnds/lib\libfat.a(cache.o)
                0x0200cc10                _FAT_cache_readLittleEndianValue
 .text._FAT_cache_writePartialSector
                0x0200cc80       0x20 c:/code/devkitPro/libnds/lib\libfat.a(cache.o)
                0x0200cc80                _FAT_cache_writePartialSector
 .text._FAT_cache_writeLittleEndianValue
                0x0200cca0       0x58 c:/code/devkitPro/libnds/lib\libfat.a(cache.o)
                0x0200cca0                _FAT_cache_writeLittleEndianValue
 .text._FAT_cache_eraseWritePartialSector
                0x0200ccf8       0x68 c:/code/devkitPro/libnds/lib\libfat.a(cache.o)
                0x0200ccf8                _FAT_cache_eraseWritePartialSector
 .text._FAT_cache_writeSectors
                0x0200cd60       0x74 c:/code/devkitPro/libnds/lib\libfat.a(cache.o)
                0x0200cd60                _FAT_cache_writeSectors
 .text._FAT_cache_flush
                0x0200cdd4       0x48 c:/code/devkitPro/libnds/lib\libfat.a(cache.o)
                0x0200cdd4                _FAT_cache_flush
 .text._FAT_check_position_for_next_cluster.isra.4.part.5
                0x0200ce1c       0x6c c:/code/devkitPro/libnds/lib\libfat.a(fatfile.o)
 .text._FAT_syncToDisc.part.6
                0x0200ce88       0xd4 c:/code/devkitPro/libnds/lib\libfat.a(fatfile.o)
 .text._FAT_file_extend_r
                0x0200cf5c      0x218 c:/code/devkitPro/libnds/lib\libfat.a(fatfile.o)
 .text._FAT_open_r
                0x0200d174      0x2f0 c:/code/devkitPro/libnds/lib\libfat.a(fatfile.o)
                0x0200d174                _FAT_open_r
 .text._FAT_close_r
                0x0200d464       0x74 c:/code/devkitPro/libnds/lib\libfat.a(fatfile.o)
                0x0200d464                _FAT_close_r
 .text._FAT_read_r
                0x0200d4d8      0x39c c:/code/devkitPro/libnds/lib\libfat.a(fatfile.o)
                0x0200d4d8                _FAT_read_r
 .text._FAT_write_r
                0x0200d874      0x514 c:/code/devkitPro/libnds/lib\libfat.a(fatfile.o)
                0x0200d874                _FAT_write_r
 .text._FAT_seek_r
                0x0200dd88      0x1ac c:/code/devkitPro/libnds/lib\libfat.a(fatfile.o)
                0x0200dd88                _FAT_seek_r
 .text._FAT_fstat_r
                0x0200df34       0x8c c:/code/devkitPro/libnds/lib\libfat.a(fatfile.o)
                0x0200df34                _FAT_fstat_r
 .text._FAT_ftruncate_r
                0x0200dfc0      0x16c c:/code/devkitPro/libnds/lib\libfat.a(fatfile.o)
                0x0200dfc0                _FAT_ftruncate_r
 .text._FAT_fsync_r
                0x0200e12c       0x44 c:/code/devkitPro/libnds/lib\libfat.a(fatfile.o)
                0x0200e12c                _FAT_fsync_r
 .text.get_io_dsisd
                0x0200e170       0x18 c:/code/devkitPro/libnds/lib\libfat.a(disc.o)
 .text._FAT_fat_writeFatEntry.part.0
                0x0200e188      0x144 c:/code/devkitPro/libnds/lib\libfat.a(file_allocation_table.o)
 .text._FAT_fat_nextCluster
                0x0200e2cc      0x118 c:/code/devkitPro/libnds/lib\libfat.a(file_allocation_table.o)
                0x0200e2cc                _FAT_fat_nextCluster
 .text._FAT_fat_clearLinks.part.1
                0x0200e3e4       0x64 c:/code/devkitPro/libnds/lib\libfat.a(file_allocation_table.o)
 .text._FAT_fat_linkFreeCluster
                0x0200e448       0x9c c:/code/devkitPro/libnds/lib\libfat.a(file_allocation_table.o)
                0x0200e448                _FAT_fat_linkFreeCluster
 .text._FAT_fat_linkFreeClusterCleared
                0x0200e4e4       0x68 c:/code/devkitPro/libnds/lib\libfat.a(file_allocation_table.o)
                0x0200e4e4                _FAT_fat_linkFreeClusterCleared
 .text._FAT_fat_clearLinks
                0x0200e54c       0x18 c:/code/devkitPro/libnds/lib\libfat.a(file_allocation_table.o)
                0x0200e54c                _FAT_fat_clearLinks
 .text._FAT_fat_trimChain
                0x0200e564       0xac c:/code/devkitPro/libnds/lib\libfat.a(file_allocation_table.o)
                0x0200e564                _FAT_fat_trimChain
 .text._FAT_fat_lastCluster
                0x0200e610       0x34 c:/code/devkitPro/libnds/lib\libfat.a(file_allocation_table.o)
                0x0200e610                _FAT_fat_lastCluster
 .text._FAT_fat_freeClusterCount
                0x0200e644       0x30 c:/code/devkitPro/libnds/lib\libfat.a(file_allocation_table.o)
                0x0200e644                _FAT_fat_freeClusterCount
 .text._FAT_filetime_getTimeFromRTC
                0x0200e674       0x44 c:/code/devkitPro/libnds/lib\libfat.a(filetime.o)
                0x0200e674                _FAT_filetime_getTimeFromRTC
 .text._FAT_filetime_getDateFromRTC
                0x0200e6b8       0x44 c:/code/devkitPro/libnds/lib\libfat.a(filetime.o)
                0x0200e6b8                _FAT_filetime_getDateFromRTC
 .text._FAT_filetime_to_time_t
                0x0200e6fc       0x38 c:/code/devkitPro/libnds/lib\libfat.a(filetime.o)
                0x0200e6fc                _FAT_filetime_to_time_t
 .text._FAT_directory_incrementDirEntryPosition
                0x0200e734       0x80 c:/code/devkitPro/libnds/lib\libfat.a(directory.o)
 .text._FAT_directory_entryGetAlias
                0x0200e7b4       0xec c:/code/devkitPro/libnds/lib\libfat.a(directory.o)
 .text._FAT_directory_mbsncasecmp
                0x0200e8a0       0xa0 c:/code/devkitPro/libnds/lib\libfat.a(directory.o)
 .text._FAT_directory_entryGetCluster.part.5
                0x0200e940       0x18 c:/code/devkitPro/libnds/lib\libfat.a(directory.o)
 .text._FAT_directory_ucs2tombs.constprop.6
                0x0200e958       0x84 c:/code/devkitPro/libnds/lib\libfat.a(directory.o)
 .text._FAT_directory_entryGetCluster
                0x0200e9dc       0x1c c:/code/devkitPro/libnds/lib\libfat.a(directory.o)
                0x0200e9dc                _FAT_directory_entryGetCluster
 .text._FAT_directory_getNextEntry
                0x0200e9f8      0x1ec c:/code/devkitPro/libnds/lib\libfat.a(directory.o)
                0x0200e9f8                _FAT_directory_getNextEntry
 .text._FAT_directory_entryExists
                0x0200ebe4       0x80 c:/code/devkitPro/libnds/lib\libfat.a(directory.o)
 .text._FAT_directory_getFirstEntry
                0x0200ec64       0x20 c:/code/devkitPro/libnds/lib\libfat.a(directory.o)
                0x0200ec64                _FAT_directory_getFirstEntry
 .text._FAT_directory_getRootEntry
                0x0200ec84       0x5c c:/code/devkitPro/libnds/lib\libfat.a(directory.o)
                0x0200ec84                _FAT_directory_getRootEntry
 .text._FAT_directory_entryFromPosition
                0x0200ece0      0x150 c:/code/devkitPro/libnds/lib\libfat.a(directory.o)
                0x0200ece0                _FAT_directory_entryFromPosition
 .text._FAT_directory_entryFromPath
                0x0200ee30      0x240 c:/code/devkitPro/libnds/lib\libfat.a(directory.o)
                0x0200ee30                _FAT_directory_entryFromPath
 .text._FAT_directory_removeEntry
                0x0200f070       0xe0 c:/code/devkitPro/libnds/lib\libfat.a(directory.o)
                0x0200f070                _FAT_directory_removeEntry
 .text._FAT_directory_addEntry
                0x0200f150      0x82c c:/code/devkitPro/libnds/lib\libfat.a(directory.o)
                0x0200f150                _FAT_directory_addEntry
 .text._FAT_directory_chdir
                0x0200f97c       0x44 c:/code/devkitPro/libnds/lib\libfat.a(directory.o)
                0x0200f97c                _FAT_directory_chdir
 .text._FAT_directory_entryStat
                0x0200f9c0       0xd8 c:/code/devkitPro/libnds/lib\libfat.a(directory.o)
                0x0200f9c0                _FAT_directory_entryStat
 .text.newRow   0x0200fa98       0xb4 c:/code/devkitPro/libnds/lib\libnds9.a(console.o)
 .text.consolePrintChar
                0x0200fb4c       0xf4 c:/code/devkitPro/libnds/lib\libnds9.a(console.o)
                0x0200fb4c                consolePrintChar
 .text.consoleCls
                0x0200fc40       0xec c:/code/devkitPro/libnds/lib\libnds9.a(console.o)
 .text.consoleLoadFont
                0x0200fd2c      0x27c c:/code/devkitPro/libnds/lib\libnds9.a(console.o)
                0x0200fd2c                consoleLoadFont
 .text.consoleInit
                0x0200ffa8      0x16c c:/code/devkitPro/libnds/lib\libnds9.a(console.o)
                0x0200ffa8                consoleInit
 .text.consoleDemoInit
                0x02010114       0x40 c:/code/devkitPro/libnds/lib\libnds9.a(console.o)
                0x02010114                consoleDemoInit
 .text.con_write
                0x02010154      0x2ac c:/code/devkitPro/libnds/lib\libnds9.a(console.o)
                0x02010154                con_write
 .text.consoleClear
                0x02010400       0x10 c:/code/devkitPro/libnds/lib\libnds9.a(console.o)
                0x02010400                consoleClear
 .text.setBrightness
                0x02010410       0x40 c:/code/devkitPro/libnds/lib\libnds9.a(video.o)
                0x02010410                setBrightness
 .text.vramDefault
                0x02010450       0xd0 c:/code/devkitPro/libnds/lib\libnds9.a(video.o)
                0x02010450                vramDefault
 .text.checkIfText.part.0
                0x02010520       0x3c c:/code/devkitPro/libnds/lib\libnds9.a(background.o)
 .text.bgUpdate
                0x0201055c       0xf0 c:/code/devkitPro/libnds/lib\libnds9.a(background.o)
                0x0201055c                bgUpdate
 .text.bgInit_call
                0x0201064c       0xf4 c:/code/devkitPro/libnds/lib\libnds9.a(background.o)
                0x0201064c                bgInit_call
 .text.bgInitSub_call
                0x02010740       0xf8 c:/code/devkitPro/libnds/lib\libnds9.a(background.o)
                0x02010740                bgInitSub_call
 .text.sinLerp  0x02010838       0x98 c:/code/devkitPro/libnds/lib\libnds9.a(trig.o)
                0x02010838                sinLerp
 .text.cosLerp  0x020108d0       0x14 c:/code/devkitPro/libnds/lib\libnds9.a(trig.o)
                0x020108d0                cosLerp
 .text.vramBlock_init
                0x020108e4       0x5c c:/code/devkitPro/libnds/lib\libnds9.a(videoGL.o)
                0x020108e4                vramBlock_init
 .text.vramBlock_Construct
                0x02010940       0x28 c:/code/devkitPro/libnds/lib\libnds9.a(videoGL.o)
                0x02010940                vramBlock_Construct
 .text.glInit_C
                0x02010968      0x1a0 c:/code/devkitPro/libnds/lib\libnds9.a(videoGL.o)
                0x02010968                glInit_C
 .text.oamInit  0x02010b08      0x11c c:/code/devkitPro/libnds/lib\libnds9.a(sprite.o)
                0x02010b08                oamInit
 .text.oamGfxPtrToOffset
                0x02010c24       0x34 c:/code/devkitPro/libnds/lib\libnds9.a(sprite.o)
                0x02010c24                oamGfxPtrToOffset
 .text.oamSet   0x02010c58      0x15c c:/code/devkitPro/libnds/lib\libnds9.a(sprite.o)
                0x02010c58                oamSet
 .text.oamRotateScale
                0x02010db4       0x50 c:/code/devkitPro/libnds/lib\libnds9.a(sprite.o)
                0x02010db4                oamRotateScale
 .text.dldiGetInternal
                0x02010e04       0x34 c:/code/devkitPro/libnds/lib\libnds9.a(dldi.o)
                0x02010e04                dldiGetInternal
 .text.initSystem
                0x02010e38      0x194 c:/code/devkitPro/libnds/lib\libnds9.a(initSystem.o)
                0x02010e38                initSystem
 .text.__libnds_gtod
                0x02010fcc       0x24 c:/code/devkitPro/libnds/lib\libnds9.a(timeSupport.o)
                0x02010fcc                __libnds_gtod
 .text.irqDummy
                0x02010ff0        0x4 c:/code/devkitPro/libnds/lib\libnds9.a(interrupts.o)
                0x02010ff0                irqDummy
 .text.irqSet   0x02010ff4       0x6c c:/code/devkitPro/libnds/lib\libnds9.a(interrupts.o)
                0x02010ff4                irqSet
 .text.irqInit  0x02011060       0x50 c:/code/devkitPro/libnds/lib\libnds9.a(interrupts.o)
                0x02011060                irqInit
 .text.irqEnable
                0x020110b0       0x64 c:/code/devkitPro/libnds/lib\libnds9.a(interrupts.o)
                0x020110b0                irqEnable
 .text.irqDisable
                0x02011114       0x64 c:/code/devkitPro/libnds/lib\libnds9.a(interrupts.o)
                0x02011114                irqDisable
 .text.systemErrorExit
                0x02011178        0x4 c:/code/devkitPro/libnds/lib\libnds9.a(libnds_exit.arm.o)
                0x02011178                systemErrorExit
 *fill*         0x0201117c        0x4 ff
 .text.__libnds_exit
                0x02011180       0x5c c:/code/devkitPro/libnds/lib\libnds9.a(libnds_exit.arm.o)
                0x02011180                __libnds_exit
 .text.cardPolledTransfer
                0x020111dc       0x50 c:/code/devkitPro/libnds/lib\libnds9.a(card.o)
                0x020111dc                cardPolledTransfer
 .text.cardParamCommand
                0x0201122c       0x34 c:/code/devkitPro/libnds/lib\libnds9.a(card.o)
                0x0201122c                cardParamCommand
 .text.__timeoutvbl
                0x02011260       0x10 c:/code/devkitPro/libnds/lib\libnds9.a(fifosystem.o)
 .text.fifo_allocBlock.part.0
                0x02011270       0x34 c:/code/devkitPro/libnds/lib\libnds9.a(fifosystem.o)
 .text.fifo_waitBlock
                0x020112a4       0x48 c:/code/devkitPro/libnds/lib\libnds9.a(fifosystem.o)
 .text.fifoInternalSendInterrupt
                0x020112ec       0x9c c:/code/devkitPro/libnds/lib\libnds9.a(fifosystem.o)
 .text.fifoInternalSend.part.2
                0x02011388       0xd8 c:/code/devkitPro/libnds/lib\libnds9.a(fifosystem.o)
 .text.fifoGetValue32.part.3
                0x02011460       0x74 c:/code/devkitPro/libnds/lib\libnds9.a(fifosystem.o)
 .text.fifoSetValue32Handler
                0x020114d4       0x74 c:/code/devkitPro/libnds/lib\libnds9.a(fifosystem.o)
                0x020114d4                fifoSetValue32Handler
 .text.fifoSendValue32
                0x02011548       0x50 c:/code/devkitPro/libnds/lib\libnds9.a(fifosystem.o)
                0x02011548                fifoSendValue32
 .text.fifoSendDatamsg
                0x02011598       0x90 c:/code/devkitPro/libnds/lib\libnds9.a(fifosystem.o)
                0x02011598                fifoSendDatamsg
 .text.fifoGetValue32
                0x02011628       0x14 c:/code/devkitPro/libnds/lib\libnds9.a(fifosystem.o)
                0x02011628                fifoGetValue32
 .text.fifoGetDatamsg
                0x0201163c      0x148 c:/code/devkitPro/libnds/lib\libnds9.a(fifosystem.o)
                0x0201163c                fifoGetDatamsg
 .text.fifoInternalRecvInterrupt
                0x02011784      0x460 c:/code/devkitPro/libnds/lib\libnds9.a(fifosystem.o)
 .text.fifoSetDatamsgHandler
                0x02011be4       0x9c c:/code/devkitPro/libnds/lib\libnds9.a(fifosystem.o)
                0x02011be4                fifoSetDatamsgHandler
 .text.fifoCheckValue32
                0x02011c80       0x24 c:/code/devkitPro/libnds/lib\libnds9.a(fifosystem.o)
                0x02011c80                fifoCheckValue32
 .text.fifoInit
                0x02011ca4      0x1cc c:/code/devkitPro/libnds/lib\libnds9.a(fifosystem.o)
                0x02011ca4                fifoInit
 .text.DC_FlushRange
                0x02011e70       0x24 c:/code/devkitPro/libnds/lib\libnds9.a(dcache.o)
                0x02011e70                DC_FlushRange
 .text.DC_InvalidateRange
                0x02011e94       0x2c c:/code/devkitPro/libnds/lib\libnds9.a(dcache.o)
                0x02011e94                DC_InvalidateRange
 .text.__libnds_mpu_setup
                0x02011ec0      0x174 c:/code/devkitPro/libnds/lib\libnds9.a(mpu_setup.o)
                0x02011ec0                __libnds_mpu_setup
 .text.memUncached
                0x02012034       0x20 c:/code/devkitPro/libnds/lib\libnds9.a(mpu_setup.o)
                0x02012034                memUncached
 .text.swiWaitForVBlank
                0x02012054        0x8 c:/code/devkitPro/libnds/lib\libnds9.a(IntrWait.o)
                0x02012054                swiWaitForVBlank
 .text.swiIntrWait
                0x0201205c       0x64 c:/code/devkitPro/libnds/lib\libnds9.a(IntrWait.o)
                0x0201205c                swiIntrWait
 .text.setCpuClock
                0x020120c0       0x50 c:/code/devkitPro/libnds/lib\libnds9.a(cpu_clock.o)
                0x020120c0                setCpuClock
 .text.swiSoftReset
                0x02012110       0x2c c:/code/devkitPro/libnds/lib\libnds9.a(swiSoftReset.o)
                0x02012110                swiSoftReset
 .text.swiDelay
                0x0201213c        0x4 c:/code/devkitPro/libnds/lib\libnds9.a(biosCalls.o)
                0x0201213c                swiDelay
 .text.DynamicArrayInit
                0x02012140       0x18 c:/code/devkitPro/libnds/lib\libnds9.a(dynamicArray.o)
                0x02012140                DynamicArrayInit
 .text.DynamicArraySet
                0x02012158       0x48 c:/code/devkitPro/libnds/lib\libnds9.a(dynamicArray.o)
                0x02012158                DynamicArraySet
 .text.oamAllocReset
                0x020121a0       0x1c c:/code/devkitPro/libnds/lib\libnds9.a(sprite_alloc.o)
                0x020121a0                oamAllocReset
 .text.systemValueHandler
                0x020121bc       0x48 c:/code/devkitPro/libnds/lib\libnds9.a(system.o)
                0x020121bc                systemValueHandler
 .text.systemMsgHandler
                0x02012204       0x5c c:/code/devkitPro/libnds/lib\libnds9.a(system.o)
                0x02012204                systemMsgHandler
 .text.powerOn  0x02012260       0x2c c:/code/devkitPro/libnds/lib\libnds9.a(system.o)
                0x02012260                powerOn
 .text.__muldi3
                0x0201228c       0x60 c:/code/devkitpro/devkitarm/bin/../lib/gcc/arm-none-eabi/6.3.0/thumb\libgcc.a(_muldi3.o)
                0x0201228c                __muldi3
                0x0201228c                __aeabi_lmul
 .text.__udivmoddi4
                0x020122ec      0x184 c:/code/devkitpro/devkitarm/bin/../lib/gcc/arm-none-eabi/6.3.0/thumb\libgcc.a(_udivmoddi4.o)
                0x020122ec                __udivmoddi4
 .text.calloc   0x02012470       0x18 c:/code/devkitpro/devkitarm/bin/../lib/gcc/arm-none-eabi/6.3.0/../../../../arm-none-eabi/lib/thumb\libg.a(lib_a-calloc.o)
                0x02012470                calloc
 .text._calloc_r
                0x02012488       0x5c c:/code/devkitpro/devkitarm/bin/../lib/gcc/arm-none-eabi/6.3.0/../../../../arm-none-eabi/lib/thumb\libg.a(lib_a-callocr.o)
                0x02012488                _calloc_r
 .text._fclose_r
                0x020124e4       0xd4 c:/code/devkitpro/devkitarm/bin/../lib/gcc/arm-none-eabi/6.3.0/../../../../arm-none-eabi/lib/thumb\libg.a(lib_a-fclose.o)
                0x020124e4                _fclose_r
 .text.fclose   0x020125b8       0x14 c:/code/devkitpro/devkitarm/bin/../lib/gcc/arm-none-eabi/6.3.0/../../../../arm-none-eabi/lib/thumb\libg.a(lib_a-fclose.o)
                0x020125b8                fclose
 .text.__sflush_r
                0x020125cc      0x1a4 c:/code/devkitpro/devkitarm/bin/../lib/gcc/arm-none-eabi/6.3.0/../../../../arm-none-eabi/lib/thumb\libg.a(lib_a-fflush.o)
                0x020125cc                __sflush_r
 .text._fflush_r
                0x02012770       0x58 c:/code/devkitpro/devkitarm/bin/../lib/gcc/arm-none-eabi/6.3.0/../../../../arm-none-eabi/lib/thumb\libg.a(lib_a-fflush.o)
                0x02012770                _fflush_r
 .text.fflush   0x020127c8       0x2c c:/code/devkitpro/devkitarm/bin/../lib/gcc/arm-none-eabi/6.3.0/../../../../arm-none-eabi/lib/thumb\libg.a(lib_a-fflush.o)
                0x020127c8                fflush
 .text._cleanup_r
                0x020127f4       0x14 c:/code/devkitpro/devkitarm/bin/../lib/gcc/arm-none-eabi/6.3.0/../../../../arm-none-eabi/lib/thumb\libg.a(lib_a-findfp.o)
                0x020127f4                _cleanup_r
 .text.std.isra.0
                0x02012808       0x54 c:/code/devkitpro/devkitarm/bin/../lib/gcc/arm-none-eabi/6.3.0/../../../../arm-none-eabi/lib/thumb\libg.a(lib_a-findfp.o)
 .text.__sfmoreglue
                0x0201285c       0x34 c:/code/devkitpro/devkitarm/bin/../lib/gcc/arm-none-eabi/6.3.0/../../../../arm-none-eabi/lib/thumb\libg.a(lib_a-findfp.o)
                0x0201285c                __sfmoreglue
 .text.__sinit  0x02012890       0x64 c:/code/devkitpro/devkitarm/bin/../lib/gcc/arm-none-eabi/6.3.0/../../../../arm-none-eabi/lib/thumb\libg.a(lib_a-findfp.o)
                0x02012890                __sinit
 .text.__sfp    0x020128f4       0xb0 c:/code/devkitpro/devkitarm/bin/../lib/gcc/arm-none-eabi/6.3.0/../../../../arm-none-eabi/lib/thumb\libg.a(lib_a-findfp.o)
                0x020128f4                __sfp
 .text.__sfp_lock_acquire
                0x020129a4       0x14 c:/code/devkitpro/devkitarm/bin/../lib/gcc/arm-none-eabi/6.3.0/../../../../arm-none-eabi/lib/thumb\libg.a(lib_a-findfp.o)
                0x020129a4                __sfp_lock_acquire
 .text.__sfp_lock_release
                0x020129b8       0x14 c:/code/devkitpro/devkitarm/bin/../lib/gcc/arm-none-eabi/6.3.0/../../../../arm-none-eabi/lib/thumb\libg.a(lib_a-findfp.o)
                0x020129b8                __sfp_lock_release
 .text._fopen_r
                0x020129cc       0xb8 c:/code/devkitpro/devkitarm/bin/../lib/gcc/arm-none-eabi/6.3.0/../../../../arm-none-eabi/lib/thumb\libg.a(lib_a-fopen.o)
                0x020129cc                _fopen_r
 .text.fopen    0x02012a84       0x18 c:/code/devkitpro/devkitarm/bin/../lib/gcc/arm-none-eabi/6.3.0/../../../../arm-none-eabi/lib/thumb\libg.a(lib_a-fopen.o)
                0x02012a84                fopen
 .text._fread_r
                0x02012a9c      0x1c4 c:/code/devkitpro/devkitarm/bin/../lib/gcc/arm-none-eabi/6.3.0/../../../../arm-none-eabi/lib/thumb\libg.a(lib_a-fread.o)
                0x02012a9c                _fread_r
 .text.fread    0x02012c60       0x24 c:/code/devkitpro/devkitarm/bin/../lib/gcc/arm-none-eabi/6.3.0/../../../../arm-none-eabi/lib/thumb\libg.a(lib_a-fread.o)
                0x02012c60                fread
 .text._malloc_trim_r
                0x02012c84       0xa4 c:/code/devkitpro/devkitarm/bin/../lib/gcc/arm-none-eabi/6.3.0/../../../../arm-none-eabi/lib/thumb\libg.a(lib_a-freer.o)
                0x02012c84                _malloc_trim_r
 .text._free_r  0x02012d28      0x1c0 c:/code/devkitpro/devkitarm/bin/../lib/gcc/arm-none-eabi/6.3.0/../../../../arm-none-eabi/lib/thumb\libg.a(lib_a-freer.o)
                0x02012d28                _free_r
 .text._fseek_r
                0x02012ee8       0x14 c:/code/devkitpro/devkitarm/bin/../lib/gcc/arm-none-eabi/6.3.0/../../../../arm-none-eabi/lib/thumb\libg.a(lib_a-fseek.o)
                0x02012ee8                _fseek_r
 .text.fseek    0x02012efc       0x24 c:/code/devkitpro/devkitarm/bin/../lib/gcc/arm-none-eabi/6.3.0/../../../../arm-none-eabi/lib/thumb\libg.a(lib_a-fseek.o)
                0x02012efc                fseek
 .text._fseeko_r
                0x02012f20      0x410 c:/code/devkitpro/devkitarm/bin/../lib/gcc/arm-none-eabi/6.3.0/../../../../arm-none-eabi/lib/thumb\libg.a(lib_a-fseeko.o)
                0x02012f20                _fseeko_r
 .text.ftell    0x02013330       0x24 c:/code/devkitpro/devkitarm/bin/../lib/gcc/arm-none-eabi/6.3.0/../../../../arm-none-eabi/lib/thumb\libg.a(lib_a-ftell.o)
                0x02013330                ftell
 .text._ftello_r
                0x02013354       0xf8 c:/code/devkitpro/devkitarm/bin/../lib/gcc/arm-none-eabi/6.3.0/../../../../arm-none-eabi/lib/thumb\libg.a(lib_a-ftello.o)
                0x02013354                _ftello_r
 .text._fwalk   0x0201344c       0x4c c:/code/devkitpro/devkitarm/bin/../lib/gcc/arm-none-eabi/6.3.0/../../../../arm-none-eabi/lib/thumb\libg.a(lib_a-fwalk.o)
                0x0201344c                _fwalk
 .text._fwalk_reent
                0x02013498       0x54 c:/code/devkitpro/devkitarm/bin/../lib/gcc/arm-none-eabi/6.3.0/../../../../arm-none-eabi/lib/thumb\libg.a(lib_a-fwalk.o)
                0x02013498                _fwalk_reent
 .text.__libc_init_array
                0x020134ec       0x58 c:/code/devkitpro/devkitarm/bin/../lib/gcc/arm-none-eabi/6.3.0/../../../../arm-none-eabi/lib/thumb\libg.a(lib_a-init.o)
                0x020134ec                __libc_init_array
 .text.iprintf  0x02013544       0x24 c:/code/devkitpro/devkitarm/bin/../lib/gcc/arm-none-eabi/6.3.0/../../../../arm-none-eabi/lib/thumb\libg.a(lib_a-iprintf.o)
                0x02013544                iprintf
 .text.localtime_r
                0x02013568      0x218 c:/code/devkitpro/devkitarm/bin/../lib/gcc/arm-none-eabi/6.3.0/../../../../arm-none-eabi/lib/thumb\libg.a(lib_a-lcltime_r.o)
                0x02013568                localtime_r
 .text.__locale_mb_cur_max
                0x02013780       0x20 c:/code/devkitpro/devkitarm/bin/../lib/gcc/arm-none-eabi/6.3.0/../../../../arm-none-eabi/lib/thumb\libg.a(lib_a-locale.o)
                0x02013780                __locale_mb_cur_max
 .text.__locale_ctype_ptr_l
                0x020137a0        0x8 c:/code/devkitpro/devkitarm/bin/../lib/gcc/arm-none-eabi/6.3.0/../../../../arm-none-eabi/lib/thumb\libg.a(lib_a-locale.o)
                0x020137a0                __locale_ctype_ptr_l
 .text.__locale_ctype_ptr
                0x020137a8       0x20 c:/code/devkitpro/devkitarm/bin/../lib/gcc/arm-none-eabi/6.3.0/../../../../arm-none-eabi/lib/thumb\libg.a(lib_a-locale.o)
                0x020137a8                __locale_ctype_ptr
 .text.__swhatbuf_r
                0x020137c8       0x64 c:/code/devkitpro/devkitarm/bin/../lib/gcc/arm-none-eabi/6.3.0/../../../../arm-none-eabi/lib/thumb\libg.a(lib_a-makebuf.o)
                0x020137c8                __swhatbuf_r
 .text.__smakebuf_r
                0x0201382c       0x98 c:/code/devkitpro/devkitarm/bin/../lib/gcc/arm-none-eabi/6.3.0/../../../../arm-none-eabi/lib/thumb\libg.a(lib_a-makebuf.o)
                0x0201382c                __smakebuf_r
 .text.malloc   0x020138c4       0x14 c:/code/devkitpro/devkitarm/bin/../lib/gcc/arm-none-eabi/6.3.0/../../../../arm-none-eabi/lib/thumb\libg.a(lib_a-malloc.o)
                0x020138c4                malloc
 .text.free     0x020138d8       0x14 c:/code/devkitpro/devkitarm/bin/../lib/gcc/arm-none-eabi/6.3.0/../../../../arm-none-eabi/lib/thumb\libg.a(lib_a-malloc.o)
                0x020138d8                free
 .text._malloc_r
                0x020138ec      0x560 c:/code/devkitpro/devkitarm/bin/../lib/gcc/arm-none-eabi/6.3.0/../../../../arm-none-eabi/lib/thumb\libg.a(lib_a-mallocr.o)
                0x020138ec                _malloc_r
 .text._mbrtowc_r
                0x02013e4c       0x8c c:/code/devkitpro/devkitarm/bin/../lib/gcc/arm-none-eabi/6.3.0/../../../../arm-none-eabi/lib/thumb\libg.a(lib_a-mbrtowc.o)
                0x02013e4c                _mbrtowc_r
 .text.mbrtowc  0x02013ed8       0x90 c:/code/devkitpro/devkitarm/bin/../lib/gcc/arm-none-eabi/6.3.0/../../../../arm-none-eabi/lib/thumb\libg.a(lib_a-mbrtowc.o)
                0x02013ed8                mbrtowc
 .text.mbsrtowcs
                0x02013f68       0x28 c:/code/devkitpro/devkitarm/bin/../lib/gcc/arm-none-eabi/6.3.0/../../../../arm-none-eabi/lib/thumb\libg.a(lib_a-mbsrtowcs.o)
                0x02013f68                mbsrtowcs
 .text.__utf8_mbtowc
                0x02013f90      0x2a0 c:/code/devkitpro/devkitarm/bin/../lib/gcc/arm-none-eabi/6.3.0/../../../../arm-none-eabi/lib/thumb\libg.a(lib_a-mbtowc_r.o)
                0x02013f90                __utf8_mbtowc
 .text.memcmp   0x02014230       0x50 c:/code/devkitpro/devkitarm/bin/../lib/gcc/arm-none-eabi/6.3.0/../../../../arm-none-eabi/lib/thumb\libg.a(lib_a-memcmp.o)
                0x02014230                memcmp
 .text.memcpy   0x02014280       0x88 c:/code/devkitpro/devkitarm/bin/../lib/gcc/arm-none-eabi/6.3.0/../../../../arm-none-eabi/lib/thumb\libg.a(lib_a-memcpy-stub.o)
                0x02014280                memcpy
 .text.memmove  0x02014308       0xa4 c:/code/devkitpro/devkitarm/bin/../lib/gcc/arm-none-eabi/6.3.0/../../../../arm-none-eabi/lib/thumb\libg.a(lib_a-memmove.o)
                0x02014308                memmove
 .text.memset   0x020143ac       0x9c c:/code/devkitpro/devkitarm/bin/../lib/gcc/arm-none-eabi/6.3.0/../../../../arm-none-eabi/lib/thumb\libg.a(lib_a-memset.o)
                0x020143ac                memset
 .text.validate_structure
                0x02014448      0x1e8 c:/code/devkitpro/devkitarm/bin/../lib/gcc/arm-none-eabi/6.3.0/../../../../arm-none-eabi/lib/thumb\libg.a(lib_a-mktime.o)
 .text.mktime   0x02014630      0x384 c:/code/devkitpro/devkitarm/bin/../lib/gcc/arm-none-eabi/6.3.0/../../../../arm-none-eabi/lib/thumb\libg.a(lib_a-mktime.o)
                0x02014630                mktime
 .text.__malloc_lock
                0x020149b4       0x14 c:/code/devkitpro/devkitarm/bin/../lib/gcc/arm-none-eabi/6.3.0/../../../../arm-none-eabi/lib/thumb\libg.a(lib_a-mlock.o)
                0x020149b4                __malloc_lock
 .text.__malloc_unlock
                0x020149c8       0x14 c:/code/devkitpro/devkitarm/bin/../lib/gcc/arm-none-eabi/6.3.0/../../../../arm-none-eabi/lib/thumb\libg.a(lib_a-mlock.o)
                0x020149c8                __malloc_unlock
 .text.srand    0x020149dc       0x18 c:/code/devkitpro/devkitarm/bin/../lib/gcc/arm-none-eabi/6.3.0/../../../../arm-none-eabi/lib/thumb\libg.a(lib_a-rand.o)
                0x020149dc                srand
 .text.rand     0x020149f4       0x34 c:/code/devkitpro/devkitarm/bin/../lib/gcc/arm-none-eabi/6.3.0/../../../../arm-none-eabi/lib/thumb\libg.a(lib_a-rand.o)
                0x020149f4                rand
 .text.realloc  0x02014a28       0x18 c:/code/devkitpro/devkitarm/bin/../lib/gcc/arm-none-eabi/6.3.0/../../../../arm-none-eabi/lib/thumb\libg.a(lib_a-realloc.o)
                0x02014a28                realloc
 .text._realloc_r
                0x02014a40      0x38c c:/code/devkitpro/devkitarm/bin/../lib/gcc/arm-none-eabi/6.3.0/../../../../arm-none-eabi/lib/thumb\libg.a(lib_a-reallocr.o)
                0x02014a40                _realloc_r
 .text.lflush   0x02014dcc       0x20 c:/code/devkitpro/devkitarm/bin/../lib/gcc/arm-none-eabi/6.3.0/../../../../arm-none-eabi/lib/thumb\libg.a(lib_a-refill.o)
 .text.__srefill_r
                0x02014dec      0x11c c:/code/devkitpro/devkitarm/bin/../lib/gcc/arm-none-eabi/6.3.0/../../../../arm-none-eabi/lib/thumb\libg.a(lib_a-refill.o)
                0x02014dec                __srefill_r
 .text.rewind   0x02014f08       0x28 c:/code/devkitpro/devkitarm/bin/../lib/gcc/arm-none-eabi/6.3.0/../../../../arm-none-eabi/lib/thumb\libg.a(lib_a-rewind.o)
                0x02014f08                rewind
 .text.setvbuf  0x02014f30      0x1a4 c:/code/devkitpro/devkitarm/bin/../lib/gcc/arm-none-eabi/6.3.0/../../../../arm-none-eabi/lib/thumb\libg.a(lib_a-setvbuf.o)
                0x02014f30                setvbuf
 .text.siscanf  0x020150d4       0x4c c:/code/devkitpro/devkitarm/bin/../lib/gcc/arm-none-eabi/6.3.0/../../../../arm-none-eabi/lib/thumb\libg.a(lib_a-siscanf.o)
                0x020150d4                siscanf
 .text.sprintf  0x02015120       0x48 c:/code/devkitpro/devkitarm/bin/../lib/gcc/arm-none-eabi/6.3.0/../../../../arm-none-eabi/lib/thumb\libg.a(lib_a-sprintf.o)
                0x02015120                sprintf
 .text.__sread  0x02015168       0x34 c:/code/devkitpro/devkitarm/bin/../lib/gcc/arm-none-eabi/6.3.0/../../../../arm-none-eabi/lib/thumb\libg.a(lib_a-stdio.o)
                0x02015168                __sread
 .text.__seofread
                0x0201519c        0x4 c:/code/devkitpro/devkitarm/bin/../lib/gcc/arm-none-eabi/6.3.0/../../../../arm-none-eabi/lib/thumb\libg.a(lib_a-stdio.o)
                0x0201519c                __seofread
 .text.__swrite
                0x020151a0       0x48 c:/code/devkitpro/devkitarm/bin/../lib/gcc/arm-none-eabi/6.3.0/../../../../arm-none-eabi/lib/thumb\libg.a(lib_a-stdio.o)
                0x020151a0                __swrite
 .text.__sseek  0x020151e8       0x40 c:/code/devkitpro/devkitarm/bin/../lib/gcc/arm-none-eabi/6.3.0/../../../../arm-none-eabi/lib/thumb\libg.a(lib_a-stdio.o)
                0x020151e8                __sseek
 .text.__sclose
                0x02015228       0x10 c:/code/devkitpro/devkitarm/bin/../lib/gcc/arm-none-eabi/6.3.0/../../../../arm-none-eabi/lib/thumb\libg.a(lib_a-stdio.o)
                0x02015228                __sclose
 .text.stpcpy   0x02015238       0x48 c:/code/devkitpro/devkitarm/bin/../lib/gcc/arm-none-eabi/6.3.0/../../../../arm-none-eabi/lib/thumb\libg.a(lib_a-stpcpy.o)
                0x02015238                stpcpy
 .text.strchr   0x02015280       0xe0 c:/code/devkitpro/devkitarm/bin/../lib/gcc/arm-none-eabi/6.3.0/../../../../arm-none-eabi/lib/thumb\libg.a(lib_a-strchr.o)
                0x02015280                strchr
 .text.strcpy   0x02015360       0x10 c:/code/devkitpro/devkitarm/bin/../lib/gcc/arm-none-eabi/6.3.0/../../../../arm-none-eabi/lib/thumb\libg.a(lib_a-strcpy.o)
                0x02015360                strcpy
 .text.strdup   0x02015370       0x14 c:/code/devkitpro/devkitarm/bin/../lib/gcc/arm-none-eabi/6.3.0/../../../../arm-none-eabi/lib/thumb\libg.a(lib_a-strdup.o)
                0x02015370                strdup
 .text._strdup_r
                0x02015384       0x2c c:/code/devkitpro/devkitarm/bin/../lib/gcc/arm-none-eabi/6.3.0/../../../../arm-none-eabi/lib/thumb\libg.a(lib_a-strdup_r.o)
                0x02015384                _strdup_r
 .text.strlen   0x020153b0       0x68 c:/code/devkitpro/devkitarm/bin/../lib/gcc/arm-none-eabi/6.3.0/../../../../arm-none-eabi/lib/thumb\libg.a(lib_a-strlen-stub.o)
                0x020153b0                strlen
 .text.strncasecmp
                0x02015418       0x6c c:/code/devkitpro/devkitarm/bin/../lib/gcc/arm-none-eabi/6.3.0/../../../../arm-none-eabi/lib/thumb\libg.a(lib_a-strncasecmp.o)
                0x02015418                strncasecmp
 .text.strncmp  0x02015484       0x94 c:/code/devkitpro/devkitarm/bin/../lib/gcc/arm-none-eabi/6.3.0/../../../../arm-none-eabi/lib/thumb\libg.a(lib_a-strncmp.o)
                0x02015484                strncmp
 .text.strncpy  0x02015518       0x80 c:/code/devkitpro/devkitarm/bin/../lib/gcc/arm-none-eabi/6.3.0/../../../../arm-none-eabi/lib/thumb\libg.a(lib_a-strncpy.o)
                0x02015518                strncpy
 .text.strnlen  0x02015598       0x24 c:/code/devkitpro/devkitarm/bin/../lib/gcc/arm-none-eabi/6.3.0/../../../../arm-none-eabi/lib/thumb\libg.a(lib_a-strnlen.o)
                0x02015598                strnlen
 .text.strpbrk  0x020155bc       0x4c c:/code/devkitpro/devkitarm/bin/../lib/gcc/arm-none-eabi/6.3.0/../../../../arm-none-eabi/lib/thumb\libg.a(lib_a-strpbrk.o)
                0x020155bc                strpbrk
 .text.strrchr  0x02015608       0x2c c:/code/devkitpro/devkitarm/bin/../lib/gcc/arm-none-eabi/6.3.0/../../../../arm-none-eabi/lib/thumb\libg.a(lib_a-strrchr.o)
                0x02015608                strrchr
 .text._strtol_l.isra.0
                0x02015634      0x180 c:/code/devkitpro/devkitarm/bin/../lib/gcc/arm-none-eabi/6.3.0/../../../../arm-none-eabi/lib/thumb\libg.a(lib_a-strtol.o)
 .text._strtol_r
                0x020157b4       0x34 c:/code/devkitpro/devkitarm/bin/../lib/gcc/arm-none-eabi/6.3.0/../../../../arm-none-eabi/lib/thumb\libg.a(lib_a-strtol.o)
                0x020157b4                _strtol_r
 .text._sungetc_r
                0x020157e8       0x8c c:/code/devkitpro/devkitarm/bin/../lib/gcc/arm-none-eabi/6.3.0/../../../../arm-none-eabi/lib/thumb\libg.a(lib_a-svfiscanf.o)
                0x020157e8                _sungetc_r
 .text.__ssrefill_r
                0x02015874       0x44 c:/code/devkitpro/devkitarm/bin/../lib/gcc/arm-none-eabi/6.3.0/../../../../arm-none-eabi/lib/thumb\libg.a(lib_a-svfiscanf.o)
                0x02015874                __ssrefill_r
 .text._sfread_r
                0x020158b8       0x90 c:/code/devkitpro/devkitarm/bin/../lib/gcc/arm-none-eabi/6.3.0/../../../../arm-none-eabi/lib/thumb\libg.a(lib_a-svfiscanf.o)
                0x020158b8                _sfread_r
 .text.__ssvfiscanf_r
                0x02015948     0x13e0 c:/code/devkitpro/devkitarm/bin/../lib/gcc/arm-none-eabi/6.3.0/../../../../arm-none-eabi/lib/thumb\libg.a(lib_a-svfiscanf.o)
                0x02015948                __ssvfiscanf_r
 .text.get_arg  0x02016d28      0xc4c c:/code/devkitpro/devkitarm/bin/../lib/gcc/arm-none-eabi/6.3.0/../../../../arm-none-eabi/lib/thumb\libg.a(lib_a-svfprintf.o)
 .text._svfprintf_r
                0x02017974     0x2d98 c:/code/devkitpro/devkitarm/bin/../lib/gcc/arm-none-eabi/6.3.0/../../../../arm-none-eabi/lib/thumb\libg.a(lib_a-svfprintf.o)
                0x02017974                _svfprintf_r
 .text.lseek    0x0201a70c       0x24 c:/code/devkitpro/devkitarm/bin/../lib/gcc/arm-none-eabi/6.3.0/../../../../arm-none-eabi/lib/thumb\libg.a(lib_a-syslseek.o)
                0x0201a70c                lseek
 .text.open     0x0201a730       0x28 c:/code/devkitpro/devkitarm/bin/../lib/gcc/arm-none-eabi/6.3.0/../../../../arm-none-eabi/lib/thumb\libg.a(lib_a-sysopen.o)
                0x0201a730                open
 .text.read     0x0201a758       0x1c c:/code/devkitpro/devkitarm/bin/../lib/gcc/arm-none-eabi/6.3.0/../../../../arm-none-eabi/lib/thumb\libg.a(lib_a-sysread.o)
                0x0201a758                read
 .text.time     0x0201a774       0x2c c:/code/devkitpro/devkitarm/bin/../lib/gcc/arm-none-eabi/6.3.0/../../../../arm-none-eabi/lib/thumb\libg.a(lib_a-time.o)
                0x0201a774                time
 .text.towlower
                0x0201a7a0      0x790 c:/code/devkitpro/devkitarm/bin/../lib/gcc/arm-none-eabi/6.3.0/../../../../arm-none-eabi/lib/thumb\libg.a(lib_a-towlower.o)
                0x0201a7a0                towlower
 .text.towupper
                0x0201af30      0x934 c:/code/devkitpro/devkitarm/bin/../lib/gcc/arm-none-eabi/6.3.0/../../../../arm-none-eabi/lib/thumb\libg.a(lib_a-towupper.o)
                0x0201af30                towupper
 .text.__tzcalc_limits
                0x0201b864      0x1a0 c:/code/devkitpro/devkitarm/bin/../lib/gcc/arm-none-eabi/6.3.0/../../../../arm-none-eabi/lib/thumb\libg.a(lib_a-tzcalc_limits.o)
                0x0201b864                __tzcalc_limits
 .text.__tz_lock
                0x0201ba04       0x14 c:/code/devkitpro/devkitarm/bin/../lib/gcc/arm-none-eabi/6.3.0/../../../../arm-none-eabi/lib/thumb\libg.a(lib_a-tzlock.o)
                0x0201ba04                __tz_lock
 .text.__tz_unlock
                0x0201ba18       0x14 c:/code/devkitpro/devkitarm/bin/../lib/gcc/arm-none-eabi/6.3.0/../../../../arm-none-eabi/lib/thumb\libg.a(lib_a-tzlock.o)
                0x0201ba18                __tz_unlock
 .text._tzset_unlocked
                0x0201ba2c       0x10 c:/code/devkitpro/devkitarm/bin/../lib/gcc/arm-none-eabi/6.3.0/../../../../arm-none-eabi/lib/thumb\libg.a(lib_a-tzset.o)
                0x0201ba2c                _tzset_unlocked
 .text._tzset_unlocked_r
                0x0201ba3c      0x378 c:/code/devkitpro/devkitarm/bin/../lib/gcc/arm-none-eabi/6.3.0/../../../../arm-none-eabi/lib/thumb\libg.a(lib_a-tzset_r.o)
                0x0201ba3c                _tzset_unlocked_r
 .text.__submore
                0x0201bdb4       0x88 c:/code/devkitpro/devkitarm/bin/../lib/gcc/arm-none-eabi/6.3.0/../../../../arm-none-eabi/lib/thumb\libg.a(lib_a-ungetc.o)
                0x0201bdb4                __submore
 .text.get_arg  0x0201be3c      0xc4c c:/code/devkitpro/devkitarm/bin/../lib/gcc/arm-none-eabi/6.3.0/../../../../arm-none-eabi/lib/thumb\libg.a(lib_a-vfiprintf.o)
 .text.__sprint_r.part.0
                0x0201ca88       0x14 c:/code/devkitpro/devkitarm/bin/../lib/gcc/arm-none-eabi/6.3.0/../../../../arm-none-eabi/lib/thumb\libg.a(lib_a-vfiprintf.o)
 .text._vfiprintf_r
                0x0201ca9c     0x1e0c c:/code/devkitpro/devkitarm/bin/../lib/gcc/arm-none-eabi/6.3.0/../../../../arm-none-eabi/lib/thumb\libg.a(lib_a-vfiprintf.o)
                0x0201ca9c                _vfiprintf_r
 .text.__sbprintf
                0x0201e8a8       0x8c c:/code/devkitpro/devkitarm/bin/../lib/gcc/arm-none-eabi/6.3.0/../../../../arm-none-eabi/lib/thumb\libg.a(lib_a-vfiprintf.o)
 .text._wcrtomb_r
                0x0201e934       0x80 c:/code/devkitpro/devkitarm/bin/../lib/gcc/arm-none-eabi/6.3.0/../../../../arm-none-eabi/lib/thumb\libg.a(lib_a-wcrtomb.o)
                0x0201e934                _wcrtomb_r
 .text.wcrtomb  0x0201e9b4       0x84 c:/code/devkitpro/devkitarm/bin/../lib/gcc/arm-none-eabi/6.3.0/../../../../arm-none-eabi/lib/thumb\libg.a(lib_a-wcrtomb.o)
                0x0201e9b4                wcrtomb
 .text._wcsrtombs_r
                0x0201ea38       0x1c c:/code/devkitpro/devkitarm/bin/../lib/gcc/arm-none-eabi/6.3.0/../../../../arm-none-eabi/lib/thumb\libg.a(lib_a-wcsrtombs.o)
                0x0201ea38                _wcsrtombs_r
 .text.wctob    0x0201ea54       0x58 c:/code/devkitpro/devkitarm/bin/../lib/gcc/arm-none-eabi/6.3.0/../../../../arm-none-eabi/lib/thumb\libg.a(lib_a-wctob.o)
                0x0201ea54                wctob
 .text.__utf8_wctomb
                0x0201eaac       0xbc c:/code/devkitpro/devkitarm/bin/../lib/gcc/arm-none-eabi/6.3.0/../../../../arm-none-eabi/lib/thumb\libg.a(lib_a-wctomb_r.o)
                0x0201eaac                __utf8_wctomb
 .text.__swsetup_r
                0x0201eb68       0xd8 c:/code/devkitpro/devkitarm/bin/../lib/gcc/arm-none-eabi/6.3.0/../../../../arm-none-eabi/lib/thumb\libg.a(lib_a-wsetup.o)
                0x0201eb68                __swsetup_r
 .text.div      0x0201ec40       0x40 c:/code/devkitpro/devkitarm/bin/../lib/gcc/arm-none-eabi/6.3.0/../../../../arm-none-eabi/lib/thumb\libg.a(lib_a-div.o)
                0x0201ec40                div
 .text.quorem   0x0201ec80      0x15c c:/code/devkitpro/devkitarm/bin/../lib/gcc/arm-none-eabi/6.3.0/../../../../arm-none-eabi/lib/thumb\libg.a(lib_a-dtoa.o)
 .text._dtoa_r  0x0201eddc      0xfd0 c:/code/devkitpro/devkitarm/bin/../lib/gcc/arm-none-eabi/6.3.0/../../../../arm-none-eabi/lib/thumb\libg.a(lib_a-dtoa.o)
                0x0201eddc                _dtoa_r
 .text.__sflags
                0x0201fdac       0xa0 c:/code/devkitpro/devkitarm/bin/../lib/gcc/arm-none-eabi/6.3.0/../../../../arm-none-eabi/lib/thumb\libg.a(lib_a-flags.o)
                0x0201fdac                __sflags
 .text.__sfvwrite_r
                0x0201fe4c      0x334 c:/code/devkitpro/devkitarm/bin/../lib/gcc/arm-none-eabi/6.3.0/../../../../arm-none-eabi/lib/thumb\libg.a(lib_a-fvwrite.o)
                0x0201fe4c                __sfvwrite_r
 .text._findenv_r
                0x02020180       0x98 c:/code/devkitpro/devkitarm/bin/../lib/gcc/arm-none-eabi/6.3.0/../../../../arm-none-eabi/lib/thumb\libg.a(lib_a-getenv_r.o)
                0x02020180                _findenv_r
 .text._getenv_r
                0x02020218       0x10 c:/code/devkitpro/devkitarm/bin/../lib/gcc/arm-none-eabi/6.3.0/../../../../arm-none-eabi/lib/thumb\libg.a(lib_a-getenv_r.o)
                0x02020218                _getenv_r
 .text.__gettzinfo
                0x02020228        0x8 c:/code/devkitpro/devkitarm/bin/../lib/gcc/arm-none-eabi/6.3.0/../../../../arm-none-eabi/lib/thumb\libg.a(lib_a-gettzinfo.o)
                0x02020228                __gettzinfo
 .text.gmtime_r
                0x02020230      0x1a4 c:/code/devkitpro/devkitarm/bin/../lib/gcc/arm-none-eabi/6.3.0/../../../../arm-none-eabi/lib/thumb\libg.a(lib_a-gmtime_r.o)
                0x02020230                gmtime_r
 .text.iswspace
                0x020203d4       0x78 c:/code/devkitpro/devkitarm/bin/../lib/gcc/arm-none-eabi/6.3.0/../../../../arm-none-eabi/lib/thumb\libg.a(lib_a-iswspace.o)
                0x020203d4                iswspace
 .text.__jp2uc  0x0202044c      0x188 c:/code/devkitpro/devkitarm/bin/../lib/gcc/arm-none-eabi/6.3.0/../../../../arm-none-eabi/lib/thumb\libg.a(lib_a-jp2uc.o)
 .text._jp2uc   0x020205d4       0x8c c:/code/devkitpro/devkitarm/bin/../lib/gcc/arm-none-eabi/6.3.0/../../../../arm-none-eabi/lib/thumb\libg.a(lib_a-jp2uc.o)
                0x020205d4                _jp2uc
 .text._localeconv_r
                0x02020660       0x1c c:/code/devkitpro/devkitarm/bin/../lib/gcc/arm-none-eabi/6.3.0/../../../../arm-none-eabi/lib/thumb\libg.a(lib_a-localeconv.o)
                0x02020660                _localeconv_r
 .text._mbsnrtowcs_r
                0x0202067c       0xc0 c:/code/devkitpro/devkitarm/bin/../lib/gcc/arm-none-eabi/6.3.0/../../../../arm-none-eabi/lib/thumb\libg.a(lib_a-mbsnrtowcs.o)
                0x0202067c                _mbsnrtowcs_r
 .text.memchr   0x0202073c       0x84 c:/code/devkitpro/devkitarm/bin/../lib/gcc/arm-none-eabi/6.3.0/../../../../arm-none-eabi/lib/thumb\libg.a(lib_a-memchr-stub.o)
                0x0202073c                memchr
 .text._Balloc  0x020207c0       0x54 c:/code/devkitpro/devkitarm/bin/../lib/gcc/arm-none-eabi/6.3.0/../../../../arm-none-eabi/lib/thumb\libg.a(lib_a-mprec.o)
                0x020207c0                _Balloc
 .text._Bfree   0x02020814       0x14 c:/code/devkitpro/devkitarm/bin/../lib/gcc/arm-none-eabi/6.3.0/../../../../arm-none-eabi/lib/thumb\libg.a(lib_a-mprec.o)
                0x02020814                _Bfree
 .text.__multadd
                0x02020828       0x94 c:/code/devkitpro/devkitarm/bin/../lib/gcc/arm-none-eabi/6.3.0/../../../../arm-none-eabi/lib/thumb\libg.a(lib_a-mprec.o)
                0x02020828                __multadd
 .text.__hi0bits
                0x020208bc       0x34 c:/code/devkitpro/devkitarm/bin/../lib/gcc/arm-none-eabi/6.3.0/../../../../arm-none-eabi/lib/thumb\libg.a(lib_a-mprec.o)
                0x020208bc                __hi0bits
 .text.__lo0bits
                0x020208f0       0x5c c:/code/devkitpro/devkitarm/bin/../lib/gcc/arm-none-eabi/6.3.0/../../../../arm-none-eabi/lib/thumb\libg.a(lib_a-mprec.o)
                0x020208f0                __lo0bits
 .text.__i2b    0x0202094c       0x18 c:/code/devkitpro/devkitarm/bin/../lib/gcc/arm-none-eabi/6.3.0/../../../../arm-none-eabi/lib/thumb\libg.a(lib_a-mprec.o)
                0x0202094c                __i2b
 .text.__multiply
                0x02020964      0x160 c:/code/devkitpro/devkitarm/bin/../lib/gcc/arm-none-eabi/6.3.0/../../../../arm-none-eabi/lib/thumb\libg.a(lib_a-mprec.o)
                0x02020964                __multiply
 .text.__pow5mult
                0x02020ac4       0xc4 c:/code/devkitpro/devkitarm/bin/../lib/gcc/arm-none-eabi/6.3.0/../../../../arm-none-eabi/lib/thumb\libg.a(lib_a-mprec.o)
                0x02020ac4                __pow5mult
 .text.__lshift
                0x02020b88       0xc4 c:/code/devkitpro/devkitarm/bin/../lib/gcc/arm-none-eabi/6.3.0/../../../../arm-none-eabi/lib/thumb\libg.a(lib_a-mprec.o)
                0x02020b88                __lshift
 .text.__mcmp   0x02020c4c       0x38 c:/code/devkitpro/devkitarm/bin/../lib/gcc/arm-none-eabi/6.3.0/../../../../arm-none-eabi/lib/thumb\libg.a(lib_a-mprec.o)
                0x02020c4c                __mcmp
 .text.__mdiff  0x02020c84      0x13c c:/code/devkitpro/devkitarm/bin/../lib/gcc/arm-none-eabi/6.3.0/../../../../arm-none-eabi/lib/thumb\libg.a(lib_a-mprec.o)
                0x02020c84                __mdiff
 .text.__d2b    0x02020dc0       0xc0 c:/code/devkitpro/devkitarm/bin/../lib/gcc/arm-none-eabi/6.3.0/../../../../arm-none-eabi/lib/thumb\libg.a(lib_a-mprec.o)
                0x02020dc0                __d2b
 .text.__sccl   0x02020e80       0x78 c:/code/devkitpro/devkitarm/bin/../lib/gcc/arm-none-eabi/6.3.0/../../../../arm-none-eabi/lib/thumb\libg.a(lib_a-sccl.o)
                0x02020e80                __sccl
 .text.frexp    0x02020ef8       0x68 c:/code/devkitpro/devkitarm/bin/../lib/gcc/arm-none-eabi/6.3.0/../../../../arm-none-eabi/lib/thumb\libg.a(lib_a-s_frexp.o)
                0x02020ef8                frexp
 .text._strtoll_l.isra.0
                0x02020f60      0x1f0 c:/code/devkitpro/devkitarm/bin/../lib/gcc/arm-none-eabi/6.3.0/../../../../arm-none-eabi/lib/thumb\libg.a(lib_a-strtoll.o)
 .text._strtoll_r
                0x02021150       0x34 c:/code/devkitpro/devkitarm/bin/../lib/gcc/arm-none-eabi/6.3.0/../../../../arm-none-eabi/lib/thumb\libg.a(lib_a-strtoll.o)
                0x02021150                _strtoll_r
 .text._strtoull_l.isra.0
                0x02021184      0x1c8 c:/code/devkitpro/devkitarm/bin/../lib/gcc/arm-none-eabi/6.3.0/../../../../arm-none-eabi/lib/thumb\libg.a(lib_a-strtoull.o)
 .text._strtoull_r
                0x0202134c       0x34 c:/code/devkitpro/devkitarm/bin/../lib/gcc/arm-none-eabi/6.3.0/../../../../arm-none-eabi/lib/thumb\libg.a(lib_a-strtoull.o)
                0x0202134c                _strtoull_r
 .text._strtoul_l.isra.0
                0x02021380      0x14c c:/code/devkitpro/devkitarm/bin/../lib/gcc/arm-none-eabi/6.3.0/../../../../arm-none-eabi/lib/thumb\libg.a(lib_a-strtoul.o)
 .text._strtoul_r
                0x020214cc       0x34 c:/code/devkitpro/devkitarm/bin/../lib/gcc/arm-none-eabi/6.3.0/../../../../arm-none-eabi/lib/thumb\libg.a(lib_a-strtoul.o)
                0x020214cc                _strtoul_r
 .text.strtoul  0x02021500       0x38 c:/code/devkitpro/devkitarm/bin/../lib/gcc/arm-none-eabi/6.3.0/../../../../arm-none-eabi/lib/thumb\libg.a(lib_a-strtoul.o)
                0x02021500                strtoul
 .text.__ssprint_r
                0x02021538      0x124 c:/code/devkitpro/devkitarm/bin/../lib/gcc/arm-none-eabi/6.3.0/../../../../arm-none-eabi/lib/thumb\libg.a(lib_a-svfiprintf.o)
                0x02021538                __ssprint_r
 .text._wcsnrtombs_l
                0x0202165c      0x11c c:/code/devkitpro/devkitarm/bin/../lib/gcc/arm-none-eabi/6.3.0/../../../../arm-none-eabi/lib/thumb\libg.a(lib_a-wcsnrtombs.o)
                0x0202165c                _wcsnrtombs_l
 .text._wcsnrtombs_r
                0x02021778       0x40 c:/code/devkitpro/devkitarm/bin/../lib/gcc/arm-none-eabi/6.3.0/../../../../arm-none-eabi/lib/thumb\libg.a(lib_a-wcsnrtombs.o)
                0x02021778                _wcsnrtombs_r
 .text.__env_lock
                0x020217b8       0x14 c:/code/devkitpro/devkitarm/bin/../lib/gcc/arm-none-eabi/6.3.0/../../../../arm-none-eabi/lib/thumb\libg.a(lib_a-envlock.o)
                0x020217b8                __env_lock
 .text.__env_unlock
                0x020217cc       0x14 c:/code/devkitpro/devkitarm/bin/../lib/gcc/arm-none-eabi/6.3.0/../../../../arm-none-eabi/lib/thumb\libg.a(lib_a-envlock.o)
                0x020217cc                __env_unlock
 .text.null_write
                0x020217e0        0x4 c:/code/devkitpro/devkitarm/bin/../lib/gcc/arm-none-eabi/6.3.0/../../../../arm-none-eabi/lib/thumb\libsysbase.a(iosupport.o)
 .text.setDefaultDevice
                0x020217e4       0x10 c:/code/devkitpro/devkitarm/bin/../lib/gcc/arm-none-eabi/6.3.0/../../../../arm-none-eabi/lib/thumb\libsysbase.a(iosupport.o)
                0x020217e4                setDefaultDevice
 .text.FindDevice
                0x020217f4       0x94 c:/code/devkitpro/devkitarm/bin/../lib/gcc/arm-none-eabi/6.3.0/../../../../arm-none-eabi/lib/thumb\libsysbase.a(iosupport.o)
                0x020217f4                FindDevice
 .text.AddDevice
                0x02021888       0x78 c:/code/devkitpro/devkitarm/bin/../lib/gcc/arm-none-eabi/6.3.0/../../../../arm-none-eabi/lib/thumb\libsysbase.a(iosupport.o)
                0x02021888                AddDevice
 .text.GetDeviceOpTab
                0x02021900       0x20 c:/code/devkitpro/devkitarm/bin/../lib/gcc/arm-none-eabi/6.3.0/../../../../arm-none-eabi/lib/thumb\libsysbase.a(iosupport.o)
                0x02021900                GetDeviceOpTab
 .text._close_r
                0x02021920       0x5c c:/code/devkitpro/devkitarm/bin/../lib/gcc/arm-none-eabi/6.3.0/../../../../arm-none-eabi/lib/thumb\libsysbase.a(close.o)
                0x02021920                _close_r
 .text._fstat_r
                0x0202197c       0x4c c:/code/devkitpro/devkitarm/bin/../lib/gcc/arm-none-eabi/6.3.0/../../../../arm-none-eabi/lib/thumb\libsysbase.a(fstat.o)
                0x0202197c                _fstat_r
 .text._gettimeofday_r
                0x020219c8       0x28 c:/code/devkitpro/devkitarm/bin/../lib/gcc/arm-none-eabi/6.3.0/../../../../arm-none-eabi/lib/thumb\libsysbase.a(gettod.o)
                0x020219c8                _gettimeofday_r
 .text._isatty_r
                0x020219f0        0x4 c:/code/devkitpro/devkitarm/bin/../lib/gcc/arm-none-eabi/6.3.0/../../../../arm-none-eabi/lib/thumb\libsysbase.a(isatty.o)
                0x020219f0                _isatty_r
 .text._lseek_r
                0x020219f4       0x5c c:/code/devkitpro/devkitarm/bin/../lib/gcc/arm-none-eabi/6.3.0/../../../../arm-none-eabi/lib/thumb\libsysbase.a(lseek.o)
                0x020219f4                _lseek_r
 .text._open_r  0x02021a50       0x94 c:/code/devkitpro/devkitarm/bin/../lib/gcc/arm-none-eabi/6.3.0/../../../../arm-none-eabi/lib/thumb\libsysbase.a(open.o)
                0x02021a50                _open_r
 .text._read_r  0x02021ae4       0x50 c:/code/devkitpro/devkitarm/bin/../lib/gcc/arm-none-eabi/6.3.0/../../../../arm-none-eabi/lib/thumb\libsysbase.a(read.o)
                0x02021ae4                _read_r
 .text._sbrk_r  0x02021b34       0x54 c:/code/devkitpro/devkitarm/bin/../lib/gcc/arm-none-eabi/6.3.0/../../../../arm-none-eabi/lib/thumb\libsysbase.a(sbrk.o)
                0x02021b34                _sbrk_r
 .text._write_r
                0x02021b88       0x50 c:/code/devkitpro/devkitarm/bin/../lib/gcc/arm-none-eabi/6.3.0/../../../../arm-none-eabi/lib/thumb\libsysbase.a(write.o)
                0x02021b88                _write_r
 .text._concatenate_path
                0x02021bd8      0x144 c:/code/devkitpro/devkitarm/bin/../lib/gcc/arm-none-eabi/6.3.0/../../../../arm-none-eabi/lib/thumb\libsysbase.a(chdir.o)
                0x02021bd8                _concatenate_path
 .text.chdir    0x02021d1c       0xf4 c:/code/devkitpro/devkitarm/bin/../lib/gcc/arm-none-eabi/6.3.0/../../../../arm-none-eabi/lib/thumb\libsysbase.a(chdir.o)
                0x02021d1c                chdir
 .text.getcwd   0x02021e10       0x60 c:/code/devkitpro/devkitarm/bin/../lib/gcc/arm-none-eabi/6.3.0/../../../../arm-none-eabi/lib/thumb\libsysbase.a(chdir.o)
                0x02021e10                getcwd
 .text.build_argv
                0x02021e70       0x4c c:/code/devkitpro/devkitarm/bin/../lib/gcc/arm-none-eabi/6.3.0/../../../../arm-none-eabi/lib/thumb\libsysbase.a(build_argv.o)
                0x02021e70                build_argv
 .text.__flockfile
                0x02021ebc       0x10 c:/code/devkitpro/devkitarm/bin/../lib/gcc/arm-none-eabi/6.3.0/../../../../arm-none-eabi/lib/thumb\libsysbase.a(flock.o)
                0x02021ebc                __flockfile
 .text.__funlockfile
                0x02021ecc       0x10 c:/code/devkitpro/devkitarm/bin/../lib/gcc/arm-none-eabi/6.3.0/../../../../arm-none-eabi/lib/thumb\libsysbase.a(flock.o)
                0x02021ecc                __funlockfile
 .text.__libc_lock_acquire
                0x02021edc       0x1c c:/code/devkitpro/devkitarm/bin/../lib/gcc/arm-none-eabi/6.3.0/../../../../arm-none-eabi/lib/thumb\libsysbase.a(syscall_support.o)
                0x02021edc                __libc_lock_acquire
 .text.__libc_lock_release
                0x02021ef8       0x1c c:/code/devkitpro/devkitarm/bin/../lib/gcc/arm-none-eabi/6.3.0/../../../../arm-none-eabi/lib/thumb\libsysbase.a(syscall_support.o)
                0x02021ef8                __libc_lock_release
 .text.__libc_lock_init_recursive
                0x02021f14       0x1c c:/code/devkitpro/devkitarm/bin/../lib/gcc/arm-none-eabi/6.3.0/../../../../arm-none-eabi/lib/thumb\libsysbase.a(syscall_support.o)
                0x02021f14                __libc_lock_init_recursive
 .text.__libc_lock_acquire_recursive
                0x02021f30       0x1c c:/code/devkitpro/devkitarm/bin/../lib/gcc/arm-none-eabi/6.3.0/../../../../arm-none-eabi/lib/thumb\libsysbase.a(syscall_support.o)
                0x02021f30                __libc_lock_acquire_recursive
 .text.__libc_lock_release_recursive
                0x02021f4c       0x1c c:/code/devkitpro/devkitarm/bin/../lib/gcc/arm-none-eabi/6.3.0/../../../../arm-none-eabi/lib/thumb\libsysbase.a(syscall_support.o)
                0x02021f4c                __libc_lock_release_recursive
 .text.__libc_lock_close_recursive
                0x02021f68       0x1c c:/code/devkitpro/devkitarm/bin/../lib/gcc/arm-none-eabi/6.3.0/../../../../arm-none-eabi/lib/thumb\libsysbase.a(syscall_support.o)
                0x02021f68                __libc_lock_close_recursive
 .text.__free_handle
                0x02021f84       0x3c c:/code/devkitpro/devkitarm/bin/../lib/gcc/arm-none-eabi/6.3.0/../../../../arm-none-eabi/lib/thumb\libsysbase.a(handle_manager.o)
                0x02021f84                __free_handle
 .text.__release_handle
                0x02021fc0       0x38 c:/code/devkitpro/devkitarm/bin/../lib/gcc/arm-none-eabi/6.3.0/../../../../arm-none-eabi/lib/thumb\libsysbase.a(handle_manager.o)
                0x02021fc0                __release_handle
 .text.__alloc_handle
                0x02021ff8       0x80 c:/code/devkitpro/devkitarm/bin/../lib/gcc/arm-none-eabi/6.3.0/../../../../arm-none-eabi/lib/thumb\libsysbase.a(handle_manager.o)
                0x02021ff8                __alloc_handle
 .text.__get_handle
                0x02022078       0x1c c:/code/devkitpro/devkitarm/bin/../lib/gcc/arm-none-eabi/6.3.0/../../../../arm-none-eabi/lib/thumb\libsysbase.a(handle_manager.o)
                0x02022078                __get_handle
 .text.__getreent
                0x02022094       0x28 c:/code/devkitpro/devkitarm/bin/../lib/gcc/arm-none-eabi/6.3.0/../../../../arm-none-eabi/lib/thumb\libsysbase.a(getreent.o)
                0x02022094                __getreent
 .text.__errno  0x020220bc        0xc c:/code/devkitpro/devkitarm/bin/../lib/gcc/arm-none-eabi/6.3.0/../../../../arm-none-eabi/lib/thumb\libg.a(lib_a-errno.o)
                0x020220bc                __errno
 .text.__errno.__stub
                0x020220c8      0x110 linker stubs
 *(EXCLUDE_FILE(*.twl*) .gnu.warning)
 *(EXCLUDE_FILE(*.twl*) .gnu.linkonce.t*)
 *(.glue_7)
 .glue_7        0x020221e8        0x0 linker stubs
 *(.glue_7t)
 .glue_7t       0x020221e8        0x0 linker stubs
                0x020221e8                . = ALIGN (0x4)

.vfp11_veneer   0x020221e8        0x0
 .vfp11_veneer  0x020221e8        0x0 linker stubs

.v4_bx          0x020221e8        0x0
 .v4_bx         0x020221e8        0x0 linker stubs

.iplt           0x020221e8        0x0
 .iplt          0x020221e8        0x0 c:/code/devkitpro/devkitarm/bin/../lib/gcc/arm-none-eabi/6.3.0/../../../../arm-none-eabi/lib/thumb/ds_arm9_crt0.o

.fini           0x020221e8        0xc
 *(.fini)
 .fini          0x020221e8        0x4 c:/code/devkitpro/devkitarm/bin/../lib/gcc/arm-none-eabi/6.3.0/thumb/crti.o
                0x020221e8                _fini
 .fini          0x020221ec        0x8 c:/code/devkitpro/devkitarm/bin/../lib/gcc/arm-none-eabi/6.3.0/thumb/crtn.o
                0x020221f4                __text_end = .

.rodata         0x020221f8     0x89d0
 *(EXCLUDE_FILE(*.twl*) .rodata)
 .rodata        0x020221f8       0x50 d:/Work/NDS/projects/NFlib/nflib/examples/3dsprites/animation/nflib/lib\libnflib.a(nf_basic.o)
 .rodata        0x02022248     0x2004 c:/code/devkitPro/libnds/lib\libnds9.a(default_font.bin.o)
                0x02022248                default_font_bin
                0x02024248                default_font_bin_size
                0x02024248                default_font_bin_end
 *all.rodata*(*)
 *(EXCLUDE_FILE(*.twl*) .roda)
 *(EXCLUDE_FILE(*.twl*) .rodata.*)
 .rodata.str1.4
                0x0202424c       0x7b main.o
 *fill*         0x020242c7        0x1 ff
 .rodata.str1.4
                0x020242c8       0x27 d:/Work/NDS/projects/NFlib/nflib/examples/3dsprites/animation/nflib/lib\libnflib.a(nf_2d.o)
 *fill*         0x020242ef        0x1 ff
 .rodata.str1.4
                0x020242f0      0x613 d:/Work/NDS/projects/NFlib/nflib/examples/3dsprites/animation/nflib/lib\libnflib.a(nf_basic.o)
                                0x627 (size before relaxing)
 *fill*         0x02024903        0x1 ff
 .rodata.str1.4
                0x02024904       0x70 d:/Work/NDS/projects/NFlib/nflib/examples/3dsprites/animation/nflib/lib\libnflib.a(nf_sprite256.o)
                                 0x7b (size before relaxing)
 .rodata.str1.4
                0x02024974       0x47 d:/Work/NDS/projects/NFlib/nflib/examples/3dsprites/animation/nflib/lib\libnflib.a(nf_sprite3d.o)
                                 0xa9 (size before relaxing)
 *fill*         0x020249bb        0x1 ff
 .rodata.str1.4
                0x020249bc       0x4c d:/Work/NDS/projects/NFlib/nflib/examples/3dsprites/animation/nflib/lib\libnflib.a(nf_tiledbg.o)
                                 0x6c (size before relaxing)
 .rodata.nitroFSInit.str1.4
                0x02024a08        0x7 c:/code/devkitPro/libnds/lib\libfilesystem.a(nitrofs.o)
                                 0x10 (size before relaxing)
 *fill*         0x02024a0f        0x1 ff
 .rodata.str1.4
                0x02024a10        0xe c:/code/devkitPro/libnds/lib\libfilesystem.a(nitrofs.o)
 *fill*         0x02024a1e        0x2 ff
 .rodata.dotab_fat
                0x02024a20       0x68 c:/code/devkitPro/libnds/lib\libfat.a(libfat.o)
 .rodata.fatInit.str1.4
                0x02024a88        0x3 c:/code/devkitPro/libnds/lib\libfat.a(libfat.o)
 *fill*         0x02024a8b        0x1 ff
 .rodata.fatMount.str1.4
                0x02024a8c        0x2 c:/code/devkitPro/libnds/lib\libfat.a(libfat.o)
 .rodata.str1.4
                0x02024a8e        0x4 c:/code/devkitPro/libnds/lib\libfat.a(libfat.o)
 *fill*         0x02024a8e        0x2 ff
 .rodata.FAT_SIG
                0x02024a90        0x3 c:/code/devkitPro/libnds/lib\libfat.a(partition.o)
 *fill*         0x02024a93        0x1 ff
 .rodata.FS_INFO_SIG1
                0x02024a94        0x4 c:/code/devkitPro/libnds/lib\libfat.a(partition.o)
 .rodata.FS_INFO_SIG2
                0x02024a98        0x4 c:/code/devkitPro/libnds/lib\libfat.a(partition.o)
 .rodata._FAT_statvfs_r.str1.4
                0x02024a9c        0x5 c:/code/devkitPro/libnds/lib\libfat.a(fatdir.o)
 *fill*         0x02024aa1        0x3 ff
 .rodata._FAT_disc_interfaces
                0x02024aa4       0x18 c:/code/devkitPro/libnds/lib\libfat.a(disc.o)
                0x02024aa4                _FAT_disc_interfaces
 .rodata.str1.4
                0x02024abc        0x8 c:/code/devkitPro/libnds/lib\libfat.a(disc.o)
 .rodata.ILLEGAL_ALIAS_CHARACTERS
                0x02024abc       0x12 c:/code/devkitPro/libnds/lib\libfat.a(directory.o)
 *fill*         0x02024ace        0x2 ff
 .rodata.ILLEGAL_LFN_CHARACTERS
                0x02024ad0        0xa c:/code/devkitPro/libnds/lib\libfat.a(directory.o)
 *fill*         0x02024ada        0x2 ff
 .rodata.LFN_offset_table
                0x02024adc       0x34 c:/code/devkitPro/libnds/lib\libfat.a(directory.o)
 .rodata._FAT_directory_entryFromPath.str1.4
                0x02024b10        0x7 c:/code/devkitPro/libnds/lib\libfat.a(directory.o)
 .rodata.con_write
                0x02024b10       0xd4 c:/code/devkitPro/libnds/lib\libnds9.a(console.o)
 .rodata.con_write.str1.4
                0x02024be4       0x30 c:/code/devkitPro/libnds/lib\libnds9.a(console.o)
 .rodata.consoleClear.str1.4
                0x02024c14        0x5 c:/code/devkitPro/libnds/lib\libnds9.a(console.o)
 *fill*         0x02024c19        0x3 ff
 .rodata.dotab_stdout
                0x02024c1c       0x68 c:/code/devkitPro/libnds/lib\libnds9.a(console.o)
 .rodata.str1.4
                0x02024c84       0x14 c:/code/devkitPro/libnds/lib\libnds9.a(console.o)
 .rodata.SIN_LUT
                0x02024c98      0x102 c:/code/devkitPro/libnds/lib\libnds9.a(trig.o)
                0x02024c98                SIN_LUT
 *fill*         0x02024d9a        0x2 ff
 .rodata._global_impure_ptr
                0x02024d9c        0x4 c:/code/devkitpro/devkitarm/bin/../lib/gcc/arm-none-eabi/6.3.0/../../../../arm-none-eabi/lib/thumb\libg.a(lib_a-impure.o)
                0x02024d9c                _global_impure_ptr
 .rodata.str1.4
                0x02024da0       0x44 c:/code/devkitpro/devkitarm/bin/../lib/gcc/arm-none-eabi/6.3.0/../../../../arm-none-eabi/lib/thumb\libg.a(lib_a-locale.o)
                                 0x4c (size before relaxing)
 .rodata._mbrtowc_r.str1.4
                0x02024de4        0x1 c:/code/devkitpro/devkitarm/bin/../lib/gcc/arm-none-eabi/6.3.0/../../../../arm-none-eabi/lib/thumb\libg.a(lib_a-mbrtowc.o)
 .rodata.DAYS_IN_MONTH
                0x02024de4       0x30 c:/code/devkitpro/devkitarm/bin/../lib/gcc/arm-none-eabi/6.3.0/../../../../arm-none-eabi/lib/thumb\libg.a(lib_a-mktime.o)
 .rodata._DAYS_BEFORE_MONTH
                0x02024e14       0x30 c:/code/devkitpro/devkitarm/bin/../lib/gcc/arm-none-eabi/6.3.0/../../../../arm-none-eabi/lib/thumb\libg.a(lib_a-mktime.o)
 .rodata.__month_lengths
                0x02024e44       0x60 c:/code/devkitpro/devkitarm/bin/../lib/gcc/arm-none-eabi/6.3.0/../../../../arm-none-eabi/lib/thumb\libg.a(lib_a-month_lengths.o)
                0x02024e44                __month_lengths
 .rodata.__ssvfiscanf_r
                0x02024ea4      0x324 c:/code/devkitpro/devkitarm/bin/../lib/gcc/arm-none-eabi/6.3.0/../../../../arm-none-eabi/lib/thumb\libg.a(lib_a-svfiscanf.o)
 .rodata.basefix.6811
                0x020251c8       0x22 c:/code/devkitpro/devkitarm/bin/../lib/gcc/arm-none-eabi/6.3.0/../../../../arm-none-eabi/lib/thumb\libg.a(lib_a-svfiscanf.o)
 *fill*         0x020251ea        0x2 ff
 .rodata.get_arg
                0x020251ec      0x938 c:/code/devkitpro/devkitarm/bin/../lib/gcc/arm-none-eabi/6.3.0/../../../../arm-none-eabi/lib/thumb\libg.a(lib_a-svfprintf.o)
 .rodata._svfprintf_r
                0x02025b24      0x16c c:/code/devkitpro/devkitarm/bin/../lib/gcc/arm-none-eabi/6.3.0/../../../../arm-none-eabi/lib/thumb\libg.a(lib_a-svfprintf.o)
 .rodata._svfprintf_r.str1.4
                0x02025c90       0x42 c:/code/devkitpro/devkitarm/bin/../lib/gcc/arm-none-eabi/6.3.0/../../../../arm-none-eabi/lib/thumb\libg.a(lib_a-svfprintf.o)
 *fill*         0x02025cd2        0x2 ff
 .rodata.blanks.7277
                0x02025cd4       0x10 c:/code/devkitpro/devkitarm/bin/../lib/gcc/arm-none-eabi/6.3.0/../../../../arm-none-eabi/lib/thumb\libg.a(lib_a-svfprintf.o)
 .rodata.zeroes.7278
                0x02025ce4       0x10 c:/code/devkitpro/devkitarm/bin/../lib/gcc/arm-none-eabi/6.3.0/../../../../arm-none-eabi/lib/thumb\libg.a(lib_a-svfprintf.o)
 .rodata.towlower
                0x02025cf4      0x674 c:/code/devkitpro/devkitarm/bin/../lib/gcc/arm-none-eabi/6.3.0/../../../../arm-none-eabi/lib/thumb\libg.a(lib_a-towlower.o)
 .rodata.towupper
                0x02026368      0x2dc c:/code/devkitpro/devkitarm/bin/../lib/gcc/arm-none-eabi/6.3.0/../../../../arm-none-eabi/lib/thumb\libg.a(lib_a-towupper.o)
 .rodata.CSWTCH.1
                0x02026644      0x108 c:/code/devkitpro/devkitarm/bin/../lib/gcc/arm-none-eabi/6.3.0/../../../../arm-none-eabi/lib/thumb\libg.a(lib_a-towupper.o)
 .rodata._tzset_unlocked_r.str1.4
                0x0202674c       0x53 c:/code/devkitpro/devkitarm/bin/../lib/gcc/arm-none-eabi/6.3.0/../../../../arm-none-eabi/lib/thumb\libg.a(lib_a-tzset_r.o)
 .rodata.str1.4
                0x0202679f        0x4 c:/code/devkitpro/devkitarm/bin/../lib/gcc/arm-none-eabi/6.3.0/../../../../arm-none-eabi/lib/thumb\libg.a(lib_a-tzvars.o)
 *fill*         0x0202679f        0x1 ff
 .rodata.get_arg
                0x020267a0      0x938 c:/code/devkitpro/devkitarm/bin/../lib/gcc/arm-none-eabi/6.3.0/../../../../arm-none-eabi/lib/thumb\libg.a(lib_a-vfiprintf.o)
 .rodata._vfiprintf_r
                0x020270d8      0x16c c:/code/devkitpro/devkitarm/bin/../lib/gcc/arm-none-eabi/6.3.0/../../../../arm-none-eabi/lib/thumb\libg.a(lib_a-vfiprintf.o)
 .rodata._vfiprintf_r.str1.4
                0x02027244       0x2f c:/code/devkitpro/devkitarm/bin/../lib/gcc/arm-none-eabi/6.3.0/../../../../arm-none-eabi/lib/thumb\libg.a(lib_a-vfiprintf.o)
 .rodata.blanks.7260
                0x02027244       0x10 c:/code/devkitpro/devkitarm/bin/../lib/gcc/arm-none-eabi/6.3.0/../../../../arm-none-eabi/lib/thumb\libg.a(lib_a-vfiprintf.o)
 .rodata.zeroes.7261
                0x02027254       0x10 c:/code/devkitpro/devkitarm/bin/../lib/gcc/arm-none-eabi/6.3.0/../../../../arm-none-eabi/lib/thumb\libg.a(lib_a-vfiprintf.o)
 .rodata._ctype_
                0x02027264      0x101 c:/code/devkitpro/devkitarm/bin/../lib/gcc/arm-none-eabi/6.3.0/../../../../arm-none-eabi/lib/thumb\libg.a(lib_a-ctype_.o)
                0x02027264                _ctype_
 *fill*         0x02027365        0x3 ff
 .rodata._dtoa_r.str1.4
                0x02027368       0x10 c:/code/devkitpro/devkitarm/bin/../lib/gcc/arm-none-eabi/6.3.0/../../../../arm-none-eabi/lib/thumb\libg.a(lib_a-dtoa.o)
                                 0x12 (size before relaxing)
 .rodata.__jp2uc
                0x02027378       0x20 c:/code/devkitpro/devkitarm/bin/../lib/gcc/arm-none-eabi/6.3.0/../../../../arm-none-eabi/lib/thumb\libg.a(lib_a-jp2uc.o)
 .rodata._jp2uc.str1.4
                0x02027398       0x12 c:/code/devkitpro/devkitarm/bin/../lib/gcc/arm-none-eabi/6.3.0/../../../../arm-none-eabi/lib/thumb\libg.a(lib_a-jp2uc.o)
 *fill*         0x020273aa        0x2 ff
 .rodata.a1     0x020273ac       0xbc c:/code/devkitpro/devkitarm/bin/../lib/gcc/arm-none-eabi/6.3.0/../../../../arm-none-eabi/lib/thumb\libg.a(lib_a-jp2uc.o)
 .rodata.a2     0x02027468       0xbc c:/code/devkitpro/devkitarm/bin/../lib/gcc/arm-none-eabi/6.3.0/../../../../arm-none-eabi/lib/thumb\libg.a(lib_a-jp2uc.o)
 .rodata.a3     0x02027524       0x5b c:/code/devkitpro/devkitarm/bin/../lib/gcc/arm-none-eabi/6.3.0/../../../../arm-none-eabi/lib/thumb\libg.a(lib_a-jp2uc.o)
 *fill*         0x0202757f        0x1 ff
 .rodata.a6     0x02027580       0x70 c:/code/devkitpro/devkitarm/bin/../lib/gcc/arm-none-eabi/6.3.0/../../../../arm-none-eabi/lib/thumb\libg.a(lib_a-jp2uc.o)
 .rodata.a7     0x020275f0       0xa2 c:/code/devkitpro/devkitarm/bin/../lib/gcc/arm-none-eabi/6.3.0/../../../../arm-none-eabi/lib/thumb\libg.a(lib_a-jp2uc.o)
 *fill*         0x02027692        0x2 ff
 .rodata.a8     0x02027694       0x40 c:/code/devkitpro/devkitarm/bin/../lib/gcc/arm-none-eabi/6.3.0/../../../../arm-none-eabi/lib/thumb\libg.a(lib_a-jp2uc.o)
 .rodata.b02cf  0x020276d4     0x172a c:/code/devkitpro/devkitarm/bin/../lib/gcc/arm-none-eabi/6.3.0/../../../../arm-none-eabi/lib/thumb\libg.a(lib_a-jp2uc.o)
 *fill*         0x02028dfe        0x2 ff
 .rodata.d02f4  0x02028e00     0x1a7c c:/code/devkitpro/devkitarm/bin/../lib/gcc/arm-none-eabi/6.3.0/../../../../arm-none-eabi/lib/thumb\libg.a(lib_a-jp2uc.o)
 *fill*         0x0202a87c        0x4 ff
 .rodata.__mprec_bigtens
                0x0202a880       0x28 c:/code/devkitpro/devkitarm/bin/../lib/gcc/arm-none-eabi/6.3.0/../../../../arm-none-eabi/lib/thumb\libg.a(lib_a-mprec.o)
                0x0202a880                __mprec_bigtens
 .rodata.__mprec_tens
                0x0202a8a8       0xc8 c:/code/devkitpro/devkitarm/bin/../lib/gcc/arm-none-eabi/6.3.0/../../../../arm-none-eabi/lib/thumb\libg.a(lib_a-mprec.o)
                0x0202a8a8                __mprec_tens
 .rodata.p05.6068
                0x0202a970        0xc c:/code/devkitpro/devkitarm/bin/../lib/gcc/arm-none-eabi/6.3.0/../../../../arm-none-eabi/lib/thumb\libg.a(lib_a-mprec.o)
 .rodata.__action_table
                0x0202a97c       0x6c c:/code/devkitpro/devkitarm/bin/../lib/gcc/arm-none-eabi/6.3.0/../../../../arm-none-eabi/lib/thumb\libg.a(lib_a-svfiprintf.o)
                0x0202a97c                __action_table
 .rodata.__chclass
                0x0202a9e8      0x100 c:/code/devkitpro/devkitarm/bin/../lib/gcc/arm-none-eabi/6.3.0/../../../../arm-none-eabi/lib/thumb\libg.a(lib_a-svfiprintf.o)
                0x0202a9e8                __chclass
 .rodata.__state_table
                0x0202aae8       0x6c c:/code/devkitpro/devkitarm/bin/../lib/gcc/arm-none-eabi/6.3.0/../../../../arm-none-eabi/lib/thumb\libg.a(lib_a-svfiprintf.o)
                0x0202aae8                __state_table
 .rodata.AddDevice.str1.4
                0x0202ab54        0x8 c:/code/devkitpro/devkitarm/bin/../lib/gcc/arm-none-eabi/6.3.0/../../../../arm-none-eabi/lib/thumb\libsysbase.a(iosupport.o)
 .rodata.dotab_stdnull
                0x0202ab5c       0x68 c:/code/devkitpro/devkitarm/bin/../lib/gcc/arm-none-eabi/6.3.0/../../../../arm-none-eabi/lib/thumb\libsysbase.a(iosupport.o)
                0x0202ab5c                dotab_stdnull
 .rodata.DIRECTORY_PARENT
                0x0202abc4        0x3 c:/code/devkitpro/devkitarm/bin/../lib/gcc/arm-none-eabi/6.3.0/../../../../arm-none-eabi/lib/thumb\libsysbase.a(chdir.o)
                0x0202abc4                DIRECTORY_PARENT
 *(EXCLUDE_FILE(*.twl*) .gnu.linkonce.r*)
                0x0202abc8                . = ALIGN (0x4)
 *fill*         0x0202abc7        0x1 ff

.ARM.extab
 *(.ARM.extab* .gnu.linkonce.armextab.*)
                0x0202abc8                __exidx_start = .

ARM.exidx
 *(.ARM.exidx* .gnu.linkonce.armexidx.*)
                0x0202abc8                __exidx_end = .
                0x0202abc8                . = ALIGN (0x4)
                0x0202abc8                PROVIDE (__preinit_array_start, .)

.preinit_array
 *(.preinit_array)
                0x0202abc8                PROVIDE (__preinit_array_end, .)
                0x0202abc8                PROVIDE (__init_array_start, .)

.init_array     0x0202abc8        0x4
 *(SORT(.init_array.*))
 *(.init_array)
 .init_array    0x0202abc8        0x4 c:/code/devkitpro/devkitarm/bin/../lib/gcc/arm-none-eabi/6.3.0/thumb/crtbegin.o
                0x0202abcc                PROVIDE (__init_array_end, .)
                [!provide]                PROVIDE (__fini_array_start, .)

.fini_array     0x0202abcc        0x4
 *(.fini_array)
 .fini_array    0x0202abcc        0x4 c:/code/devkitpro/devkitarm/bin/../lib/gcc/arm-none-eabi/6.3.0/thumb/crtbegin.o
 *(SORT(.fini_array.*))
                [!provide]                PROVIDE (__fini_array_end, .)

.ctors          0x0202abd0        0x0
 *crtbegin.o(.ctors)
 *(EXCLUDE_FILE(*crtend.o) .ctors)
 *(SORT(.ctors.*))
 *(.ctors)
                0x0202abd0                . = ALIGN (0x4)

.dtors          0x0202abd0        0x0
 *crtbegin.o(.dtors)
 *(EXCLUDE_FILE(*crtend.o) .dtors)
 *(SORT(.dtors.*))
 *(.dtors)
                0x0202abd0                . = ALIGN (0x4)
